Archive member included to satisfy reference by file (symbol)

/home/fang/Programs/FreedomStudio/SiFive/riscv64-unknown-elf-gcc-8.3.0-2019.08.0/bin/../lib/gcc/riscv64-unknown-elf/8.3.0/../../../../riscv64-unknown-elf/lib/rv32imac/ilp32/libc_nano.a(lib_a-printf.o)
                              /tmp/ccKyGske.o (printf)
/home/fang/Programs/FreedomStudio/SiFive/riscv64-unknown-elf-gcc-8.3.0-2019.08.0/bin/../lib/gcc/riscv64-unknown-elf/8.3.0/../../../../riscv64-unknown-elf/lib/rv32imac/ilp32/libc_nano.a(lib_a-puts.o)
                              /tmp/ccKyGske.o (puts)
/home/fang/Programs/FreedomStudio/SiFive/riscv64-unknown-elf-gcc-8.3.0-2019.08.0/bin/../lib/gcc/riscv64-unknown-elf/8.3.0/../../../../riscv64-unknown-elf/lib/rv32imac/ilp32/libc_nano.a(lib_a-wbuf.o)
                              /home/fang/Programs/FreedomStudio/SiFive/riscv64-unknown-elf-gcc-8.3.0-2019.08.0/bin/../lib/gcc/riscv64-unknown-elf/8.3.0/../../../../riscv64-unknown-elf/lib/rv32imac/ilp32/libc_nano.a(lib_a-puts.o) (__swbuf_r)
/home/fang/Programs/FreedomStudio/SiFive/riscv64-unknown-elf-gcc-8.3.0-2019.08.0/bin/../lib/gcc/riscv64-unknown-elf/8.3.0/../../../../riscv64-unknown-elf/lib/rv32imac/ilp32/libc_nano.a(lib_a-wsetup.o)
                              /home/fang/Programs/FreedomStudio/SiFive/riscv64-unknown-elf-gcc-8.3.0-2019.08.0/bin/../lib/gcc/riscv64-unknown-elf/8.3.0/../../../../riscv64-unknown-elf/lib/rv32imac/ilp32/libc_nano.a(lib_a-puts.o) (__swsetup_r)
/home/fang/Programs/FreedomStudio/SiFive/riscv64-unknown-elf-gcc-8.3.0-2019.08.0/bin/../lib/gcc/riscv64-unknown-elf/8.3.0/../../../../riscv64-unknown-elf/lib/rv32imac/ilp32/libc_nano.a(lib_a-fflush.o)
                              /home/fang/Programs/FreedomStudio/SiFive/riscv64-unknown-elf-gcc-8.3.0-2019.08.0/bin/../lib/gcc/riscv64-unknown-elf/8.3.0/../../../../riscv64-unknown-elf/lib/rv32imac/ilp32/libc_nano.a(lib_a-wbuf.o) (_fflush_r)
/home/fang/Programs/FreedomStudio/SiFive/riscv64-unknown-elf-gcc-8.3.0-2019.08.0/bin/../lib/gcc/riscv64-unknown-elf/8.3.0/../../../../riscv64-unknown-elf/lib/rv32imac/ilp32/libc_nano.a(lib_a-findfp.o)
                              /home/fang/Programs/FreedomStudio/SiFive/riscv64-unknown-elf-gcc-8.3.0-2019.08.0/bin/../lib/gcc/riscv64-unknown-elf/8.3.0/../../../../riscv64-unknown-elf/lib/rv32imac/ilp32/libc_nano.a(lib_a-printf.o) (__sinit)
/home/fang/Programs/FreedomStudio/SiFive/riscv64-unknown-elf-gcc-8.3.0-2019.08.0/bin/../lib/gcc/riscv64-unknown-elf/8.3.0/../../../../riscv64-unknown-elf/lib/rv32imac/ilp32/libc_nano.a(lib_a-fwalk.o)
                              /home/fang/Programs/FreedomStudio/SiFive/riscv64-unknown-elf-gcc-8.3.0-2019.08.0/bin/../lib/gcc/riscv64-unknown-elf/8.3.0/../../../../riscv64-unknown-elf/lib/rv32imac/ilp32/libc_nano.a(lib_a-findfp.o) (_fwalk)
/home/fang/Programs/FreedomStudio/SiFive/riscv64-unknown-elf-gcc-8.3.0-2019.08.0/bin/../lib/gcc/riscv64-unknown-elf/8.3.0/../../../../riscv64-unknown-elf/lib/rv32imac/ilp32/libc_nano.a(lib_a-impure.o)
                              /home/fang/Programs/FreedomStudio/SiFive/riscv64-unknown-elf-gcc-8.3.0-2019.08.0/bin/../lib/gcc/riscv64-unknown-elf/8.3.0/../../../../riscv64-unknown-elf/lib/rv32imac/ilp32/libc_nano.a(lib_a-fflush.o) (_global_impure_ptr)
/home/fang/Programs/FreedomStudio/SiFive/riscv64-unknown-elf-gcc-8.3.0-2019.08.0/bin/../lib/gcc/riscv64-unknown-elf/8.3.0/../../../../riscv64-unknown-elf/lib/rv32imac/ilp32/libc_nano.a(lib_a-makebuf.o)
                              /home/fang/Programs/FreedomStudio/SiFive/riscv64-unknown-elf-gcc-8.3.0-2019.08.0/bin/../lib/gcc/riscv64-unknown-elf/8.3.0/../../../../riscv64-unknown-elf/lib/rv32imac/ilp32/libc_nano.a(lib_a-wsetup.o) (__smakebuf_r)
/home/fang/Programs/FreedomStudio/SiFive/riscv64-unknown-elf-gcc-8.3.0-2019.08.0/bin/../lib/gcc/riscv64-unknown-elf/8.3.0/../../../../riscv64-unknown-elf/lib/rv32imac/ilp32/libc_nano.a(lib_a-memset.o)
                              /home/fang/Programs/FreedomStudio/SiFive/riscv64-unknown-elf-gcc-8.3.0-2019.08.0/bin/../lib/gcc/riscv64-unknown-elf/8.3.0/../../../../riscv64-unknown-elf/lib/rv32imac/ilp32/libc_nano.a(lib_a-findfp.o) (memset)
/home/fang/Programs/FreedomStudio/SiFive/riscv64-unknown-elf-gcc-8.3.0-2019.08.0/bin/../lib/gcc/riscv64-unknown-elf/8.3.0/../../../../riscv64-unknown-elf/lib/rv32imac/ilp32/libc_nano.a(lib_a-nano-freer.o)
                              /home/fang/Programs/FreedomStudio/SiFive/riscv64-unknown-elf-gcc-8.3.0-2019.08.0/bin/../lib/gcc/riscv64-unknown-elf/8.3.0/../../../../riscv64-unknown-elf/lib/rv32imac/ilp32/libc_nano.a(lib_a-wsetup.o) (_free_r)
/home/fang/Programs/FreedomStudio/SiFive/riscv64-unknown-elf-gcc-8.3.0-2019.08.0/bin/../lib/gcc/riscv64-unknown-elf/8.3.0/../../../../riscv64-unknown-elf/lib/rv32imac/ilp32/libc_nano.a(lib_a-nano-mallocr.o)
[...]
Memory Configuration

Name             Origin             Length             Attributes
flash            0x0000000020400000 0x000000001fc00000 axrl !w
ram              0x0000000080000000 0x0000000000400000 axw !rl
*default*        0x0000000000000000 0xffffffffffffffff

Linker script and memory map

LOAD /tmp/ccKyGske.o
LOAD /tmp/cccH2Lpc.o
START GROUP
LOAD /home/fang/Programs/FreedomStudio/SiFive/riscv64-unknown-elf-gcc-8.3.0-2019.08.0/bin/../lib/gcc/riscv64-unknown-elf/8.3.0/../../../../riscv64-unknown-elf/lib/rv32imac/ilp32/libc_nano.a
LOAD /home/fang/Programs/FreedomStudio/SiFive/riscv64-unknown-elf-gcc-8.3.0-2019.08.0/bin/../lib/gcc/riscv64-unknown-elf/8.3.0/rv32imac/ilp32/libgcc.a
LOAD /home/fang/Programs/FreedomStudio/SiFive/riscv64-unknown-elf-gcc-8.3.0-2019.08.0/bin/../lib/gcc/riscv64-unknown-elf/8.3.0/../../../../riscv64-unknown-elf/lib/rv32imac/ilp32/libm.a
LOAD /home/fang/wsFreedomStudio/qemu-sifive-e31-hello/bsp/install/lib/debug//libmetal.a
LOAD /home/fang/wsFreedomStudio/qemu-sifive-e31-hello/bsp/install/lib/debug//libmetal-gloss.a
END GROUP
                0x0000000000000400                __stack_size = DEFINED (__stack_size)?__stack_size:0x400
                [!provide]                        PROVIDE (__stack_size = __stack_size)
                0x0000000000000800                __heap_size = DEFINED (__heap_size)?__heap_size:0x800
                0x0000000000000000                PROVIDE (__metal_boot_hart = 0x0)
                0x0000000000000000                PROVIDE (__metal_chicken_bit = 0x0)

.init           0x0000000020400000      0x194
 *(.text.metal.init.enter)
 .text.metal.init.enter
                0x0000000020400000       0x60 /home/fang/wsFreedomStudio/qemu-sifive-e31-hello/bsp/install/lib/debug//libmetal.a(libriscv__mmachine__qemu-sifive-e31_a-entry.o)
                0x0000000020400000                _enter
 *(.text.metal.init.*)
 *fill*         0x0000000020400060        0x0 
 .text.metal.init.trapvec
                0x0000000020400060        0xe /home/fang/wsFreedomStudio/qemu-sifive-e31-hello/bsp/install/lib/debug//libmetal.a(libriscv__mmachine__qemu-sifive-e31_a-entry.o)
 .text.metal.init.__register_frame_info
                0x000000002040006e        0x2 /home/fang/wsFreedomStudio/qemu-sifive-e31-hello/bsp/install/lib/debug//libmetal.a(libriscv__mmachine__qemu-sifive-e31_a-entry.o)
                0x000000002040006e                __register_frame_info
 *(SORT_NONE(.init))
 .init          0x0000000020400070        0xe /home/fang/wsFreedomStudio/qemu-sifive-e31-hello/bsp/install/lib/debug//libmetal.a(libriscv__mmachine__qemu-sifive-e31_a-synchronize_harts.o)
                0x0000000020400070                __metal_synchronize_harts
 *(.text.libgloss.start)
 .text.libgloss.start
                0x000000002040007e      0x116 /home/fang/wsFreedomStudio/qemu-sifive-e31-hello/bsp/install/lib/debug//libmetal-gloss.a(crt0.o)
                0x000000002040007e                _start
                0x0000000020400174                _init
                0x0000000020400174                _fini
                0x0000000020400176                secondary_main

.fini
 *(SORT_NONE(.fini))

.text           0x0000000020400200     0x57b6
 *(.text.unlikely .text.unlikely.*)
 *(.text.startup .text.startup.*)
 *(.text .text.*)
 .text.main     0x0000000020400200       0x4e /tmp/ccKyGske.o
                0x0000000020400200                main
 .text          0x000000002040024e        0x8 /tmp/cccH2Lpc.o
                0x000000002040024e                add
                0x0000000020400252                inc
 .text.printf   0x0000000020400256       0x44 /home/fang/Programs/FreedomStudio/SiFive/riscv64-unknown-elf-gcc-8.3.0-2019.08.0/bin/../lib/gcc/riscv64-unknown-elf/8.3.0/../../../../riscv64-unknown-elf/lib/rv32imac/ilp32/libc_nano.a(lib_a-printf.o)
                0x0000000020400256                printf
                0x0000000020400256                iprintf
 .text._puts_r  0x000000002040029a       0xda /home/fang/Programs/FreedomStudio/SiFive/riscv64-unknown-elf-gcc-8.3.0-2019.08.0/bin/../lib/gcc/riscv64-unknown-elf/8.3.0/../../../../riscv64-unknown-elf/lib/rv32imac/ilp32/libc_nano.a(lib_a-puts.o)
                0x000000002040029a                _puts_r
 .text.puts     0x0000000020400374        0xe /home/fang/Programs/FreedomStudio/SiFive/riscv64-unknown-elf-gcc-8.3.0-2019.08.0/bin/../lib/gcc/riscv64-unknown-elf/8.3.0/../../../../riscv64-unknown-elf/lib/rv32imac/ilp32/libc_nano.a(lib_a-puts.o)
                0x0000000020400374                puts
 .text.__swbuf_r
                0x0000000020400382       0xc0 /home/fang/Programs/FreedomStudio/SiFive/riscv64-unknown-elf-gcc-8.3.0-2019.08.0/bin/../lib/gcc/riscv64-unknown-elf/8.3.0/../../../../riscv64-unknown-elf/lib/rv32imac/ilp32/libc_nano.a(lib_a-wbuf.o)
                0x0000000020400382                __swbuf_r
 .text.__swsetup_r
                0x0000000020400442      0x110 /home/fang/Programs/FreedomStudio/SiFive/riscv64-unknown-elf-gcc-8.3.0-2019.08.0/bin/../lib/gcc/riscv64-unknown-elf/8.3.0/../../../../riscv64-unknown-elf/lib/rv32imac/ilp32/libc_nano.a(lib_a-wsetup.o)
                0x0000000020400442                __swsetup_r
 .text.__sflush_r
                0x0000000020400552      0x14a /home/fang/Programs/FreedomStudio/SiFive/riscv64-unknown-elf-gcc-8.3.0-2019.08.0/bin/../lib/gcc/riscv64-unknown-elf/8.3.0/../../../../riscv64-unknown-elf/lib/rv32imac/ilp32/libc_nano.a(lib_a-fflush.o)
                0x0000000020400552                __sflush_r
 .text._fflush_r
                0x000000002040069c       0x64 /home/fang/Programs/FreedomStudio/SiFive/riscv64-unknown-elf-gcc-8.3.0-2019.08.0/bin/../lib/gcc/riscv64-unknown-elf/8.3.0/../../../../riscv64-unknown-elf/lib/rv32imac/ilp32/libc_nano.a(lib_a-fflush.o)
                0x000000002040069c                _fflush_r
 .text.std      0x0000000020400700       0x68 /home/fang/Programs/FreedomStudio/SiFive/riscv64-unknown-elf-gcc-8.3.0-2019.08.0/bin/../lib/gcc/riscv64-unknown-elf/8.3.0/../../../../riscv64-unknown-elf/lib/rv32imac/ilp32/libc_nano.a(lib_a-findfp.o)
 .text._cleanup_r
                0x0000000020400768        0xa /home/fang/Programs/FreedomStudio/SiFive/riscv64-unknown-elf-gcc-8.3.0-2019.08.0/bin/../lib/gcc/riscv64-unknown-elf/8.3.0/../../../../riscv64-unknown-elf/lib/rv32imac/ilp32/libc_nano.a(lib_a-findfp.o)
                0x0000000020400768                _cleanup_r
 .text.__sfmoreglue
                0x0000000020400772       0x44 /home/fang/Programs/FreedomStudio/SiFive/riscv64-unknown-elf-gcc-8.3.0-2019.08.0/bin/../lib/gcc/riscv64-unknown-elf/8.3.0/../../../../riscv64-unknown-elf/lib/rv32imac/ilp32/libc_nano.a(lib_a-findfp.o)
                0x0000000020400772                __sfmoreglue
 .text.__sinit  0x00000000204007b6       0x6a /home/fang/Programs/FreedomStudio/SiFive/riscv64-unknown-elf-gcc-8.3.0-2019.08.0/bin/../lib/gcc/riscv64-unknown-elf/8.3.0/../../../../riscv64-unknown-elf/lib/rv32imac/ilp32/libc_nano.a(lib_a-findfp.o)
                0x00000000204007b6                __sinit
 .text.__sfp    0x0000000020400820       0x9e /home/fang/Programs/FreedomStudio/SiFive/riscv64-unknown-elf-gcc-8.3.0-2019.08.0/bin/../lib/gcc/riscv64-unknown-elf/8.3.0/../../../../riscv64-unknown-elf/lib/rv32imac/ilp32/libc_nano.a(lib_a-findfp.o)
                0x0000000020400820                __sfp
 .text._fwalk_reent
                0x00000000204008be       0x6c /home/fang/Programs/FreedomStudio/SiFive/riscv64-unknown-elf-gcc-8.3.0-2019.08.0/bin/../lib/gcc/riscv64-unknown-elf/8.3.0/../../../../riscv64-unknown-elf/lib/rv32imac/ilp32/libc_nano.a(lib_a-fwalk.o)
                0x00000000204008be                _fwalk_reent
 .text.__swhatbuf_r
                0x000000002040092a       0x58 /home/fang/Programs/FreedomStudio/SiFive/riscv64-unknown-elf-gcc-8.3.0-2019.08.0/bin/../lib/gcc/riscv64-unknown-elf/8.3.0/../../../../riscv64-unknown-elf/lib/rv32imac/ilp32/libc_nano.a(lib_a-makebuf.o)
                0x000000002040092a                __swhatbuf_r
 .text.__smakebuf_r
                0x0000000020400982       0x9c /home/fang/Programs/FreedomStudio/SiFive/riscv64-unknown-elf-gcc-8.3.0-2019.08.0/bin/../lib/gcc/riscv64-unknown-elf/8.3.0/../../../../riscv64-unknown-elf/lib/rv32imac/ilp32/libc_nano.a(lib_a-makebuf.o)
                0x0000000020400982                __smakebuf_r
 .text          0x0000000020400a1e       0xa8 /home/fang/Programs/FreedomStudio/SiFive/riscv64-unknown-elf-gcc-8.3.0-2019.08.0/bin/../lib/gcc/riscv64-unknown-elf/8.3.0/../../../../riscv64-unknown-elf/lib/rv32imac/ilp32/libc_nano.a(lib_a-memset.o)
                0x0000000020400a1e                memset
 .text._free_r  0x0000000020400ac6       0xac /home/fang/Programs/FreedomStudio/SiFive/riscv64-unknown-elf-gcc-8.3.0-2019.08.0/bin/../lib/gcc/riscv64-unknown-elf/8.3.0/../../../../riscv64-unknown-elf/lib/rv32imac/ilp32/libc_nano.a(lib_a-nano-freer.o)
                0x0000000020400ac6                _free_r
 .text._malloc_r
                0x0000000020400b72       0xde /home/fang/Programs/FreedomStudio/SiFive/riscv64-unknown-elf-gcc-8.3.0-2019.08.0/bin/../lib/gcc/riscv64-unknown-elf/8.3.0/../../../../riscv64-unknown-elf/lib/rv32imac/ilp32/libc_nano.a(lib_a-nano-mallocr.o)
                0x0000000020400b72                _malloc_r
 .text.__sfputc_r
                0x0000000020400c50       0x2a /home/fang/Programs/FreedomStudio/SiFive/riscv64-unknown-elf-gcc-8.3.0-2019.08.0/bin/../lib/gcc/riscv64-unknown-elf/8.3.0/../../../../riscv64-unknown-elf/lib/rv32imac/ilp32/libc_nano.a(lib_a-nano-vfprintf.o)
 .text.__sfputs_r
                0x0000000020400c7a       0x42 /home/fang/Programs/FreedomStudio/SiFive/riscv64-unknown-elf-gcc-8.3.0-2019.08.0/bin/../lib/gcc/riscv64-unknown-elf/8.3.0/../../../../riscv64-unknown-elf/lib/rv32imac/ilp32/libc_nano.a(lib_a-nano-vfprintf.o)
                0x0000000020400c7a                __sfputs_r
 .text._vfprintf_r
                0x0000000020400cbc      0x298 /home/fang/Programs/FreedomStudio/SiFive/riscv64-unknown-elf-gcc-8.3.0-2019.08.0/bin/../lib/gcc/riscv64-unknown-elf/8.3.0/../../../../riscv64-unknown-elf/lib/rv32imac/ilp32/libc_nano.a(lib_a-nano-vfprintf.o)
                0x0000000020400cbc                _vfiprintf_r
                0x0000000020400cbc                _vfprintf_r
 .text._sbrk_r  0x0000000020400f54       0x28 /home/fang/Programs/FreedomStudio/SiFive/riscv64-unknown-elf-gcc-8.3.0-2019.08.0/bin/../lib/gcc/riscv64-unknown-elf/8.3.0/../../../../riscv64-unknown-elf/lib/rv32imac/ilp32/libc_nano.a(lib_a-sbrkr.o)
                0x0000000020400f54                _sbrk_r
 .text.__sread  0x0000000020400f7c       0x30 /home/fang/Programs/FreedomStudio/SiFive/riscv64-unknown-elf-gcc-8.3.0-2019.08.0/bin/../lib/gcc/riscv64-unknown-elf/8.3.0/../../../../riscv64-unknown-elf/lib/rv32imac/ilp32/libc_nano.a(lib_a-stdio.o)
                0x0000000020400f7c                __sread
 .text.__swrite
                0x0000000020400fac       0x4e /home/fang/Programs/FreedomStudio/SiFive/riscv64-unknown-elf-gcc-8.3.0-2019.08.0/bin/../lib/gcc/riscv64-unknown-elf/8.3.0/../../../../riscv64-unknown-elf/lib/rv32imac/ilp32/libc_nano.a(lib_a-stdio.o)
                0x0000000020400fac                __swrite
 .text.__sseek  0x0000000020400ffa       0x36 /home/fang/Programs/FreedomStudio/SiFive/riscv64-unknown-elf-gcc-8.3.0-2019.08.0/bin/../lib/gcc/riscv64-unknown-elf/8.3.0/../../../../riscv64-unknown-elf/lib/rv32imac/ilp32/libc_nano.a(lib_a-stdio.o)
                0x0000000020400ffa                __sseek
 .text.__sclose
                0x0000000020401030        0x6 /home/fang/Programs/FreedomStudio/SiFive/riscv64-unknown-elf-gcc-8.3.0-2019.08.0/bin/../lib/gcc/riscv64-unknown-elf/8.3.0/../../../../riscv64-unknown-elf/lib/rv32imac/ilp32/libc_nano.a(lib_a-stdio.o)
                0x0000000020401030                __sclose
 .text._write_r
                0x0000000020401036       0x2c /home/fang/Programs/FreedomStudio/SiFive/riscv64-unknown-elf-gcc-8.3.0-2019.08.0/bin/../lib/gcc/riscv64-unknown-elf/8.3.0/../../../../riscv64-unknown-elf/lib/rv32imac/ilp32/libc_nano.a(lib_a-writer.o)
                0x0000000020401036                _write_r
 .text._close_r
                0x0000000020401062       0x28 /home/fang/Programs/FreedomStudio/SiFive/riscv64-unknown-elf-gcc-8.3.0-2019.08.0/bin/../lib/gcc/riscv64-unknown-elf/8.3.0/../../../../riscv64-unknown-elf/lib/rv32imac/ilp32/libc_nano.a(lib_a-closer.o)
                0x0000000020401062                _close_r
 .text._fstat_r
                0x000000002040108a       0x2a /home/fang/Programs/FreedomStudio/SiFive/riscv64-unknown-elf-gcc-8.3.0-2019.08.0/bin/../lib/gcc/riscv64-unknown-elf/8.3.0/../../../../riscv64-unknown-elf/lib/rv32imac/ilp32/libc_nano.a(lib_a-fstatr.o)
                0x000000002040108a                _fstat_r
 .text._isatty_r
                0x00000000204010b4       0x28 /home/fang/Programs/FreedomStudio/SiFive/riscv64-unknown-elf-gcc-8.3.0-2019.08.0/bin/../lib/gcc/riscv64-unknown-elf/8.3.0/../../../../riscv64-unknown-elf/lib/rv32imac/ilp32/libc_nano.a(lib_a-isattyr.o)
                0x00000000204010b4                _isatty_r
 .text._lseek_r
                0x00000000204010dc       0x2c /home/fang/Programs/FreedomStudio/SiFive/riscv64-unknown-elf-gcc-8.3.0-2019.08.0/bin/../lib/gcc/riscv64-unknown-elf/8.3.0/../../../../riscv64-unknown-elf/lib/rv32imac/ilp32/libc_nano.a(lib_a-lseekr.o)
                0x00000000204010dc                _lseek_r
 .text.memchr   0x0000000020401108       0x1a /home/fang/Programs/FreedomStudio/SiFive/riscv64-unknown-elf-gcc-8.3.0-2019.08.0/bin/../lib/gcc/riscv64-unknown-elf/8.3.0/../../../../riscv64-unknown-elf/lib/rv32imac/ilp32/libc_nano.a(lib_a-memchr.o)
                0x0000000020401108                memchr
 .text.__malloc_lock
                0x0000000020401122        0x2 /home/fang/Programs/FreedomStudio/SiFive/riscv64-unknown-elf-gcc-8.3.0-2019.08.0/bin/../lib/gcc/riscv64-unknown-elf/8.3.0/../../../../riscv64-unknown-elf/lib/rv32imac/ilp32/libc_nano.a(lib_a-mlock.o)
                0x0000000020401122                __malloc_lock
 .text.__malloc_unlock
                0x0000000020401124        0x2 /home/fang/Programs/FreedomStudio/SiFive/riscv64-unknown-elf-gcc-8.3.0-2019.08.0/bin/../lib/gcc/riscv64-unknown-elf/8.3.0/../../../../riscv64-unknown-elf/lib/rv32imac/ilp32/libc_nano.a(lib_a-mlock.o)
                0x0000000020401124                __malloc_unlock
 .text._printf_common
                0x0000000020401126      0x10c /home/fang/Programs/FreedomStudio/SiFive/riscv64-unknown-elf-gcc-8.3.0-2019.08.0/bin/../lib/gcc/riscv64-unknown-elf/8.3.0/../../../../riscv64-unknown-elf/lib/rv32imac/ilp32/libc_nano.a(lib_a-nano-vfprintf_i.o)
                0x0000000020401126                _printf_common
 .text._printf_i
                0x0000000020401232      0x2a2 /home/fang/Programs/FreedomStudio/SiFive/riscv64-unknown-elf-gcc-8.3.0-2019.08.0/bin/../lib/gcc/riscv64-unknown-elf/8.3.0/../../../../riscv64-unknown-elf/lib/rv32imac/ilp32/libc_nano.a(lib_a-nano-vfprintf_i.o)
                0x0000000020401232                _printf_i
 .text._read_r  0x00000000204014d4       0x2c /home/fang/Programs/FreedomStudio/SiFive/riscv64-unknown-elf-gcc-8.3.0-2019.08.0/bin/../lib/gcc/riscv64-unknown-elf/8.3.0/../../../../riscv64-unknown-elf/lib/rv32imac/ilp32/libc_nano.a(lib_a-readr.o)
                0x00000000204014d4                _read_r
 .text._close   0x0000000020401500       0x22 /home/fang/wsFreedomStudio/qemu-sifive-e31-hello/bsp/install/lib/debug//libmetal-gloss.a(sys_close.o)
                0x0000000020401500                _close
 .text._fstat   0x0000000020401522       0x26 /home/fang/wsFreedomStudio/qemu-sifive-e31-hello/bsp/install/lib/debug//libmetal-gloss.a(sys_fstat.o)
                0x0000000020401522                _fstat
 .text._isatty  0x0000000020401548       0x20 /home/fang/wsFreedomStudio/qemu-sifive-e31-hello/bsp/install/lib/debug//libmetal-gloss.a(sys_isatty.o)
                0x0000000020401548                _isatty
 .text._lseek   0x0000000020401568       0x2a /home/fang/wsFreedomStudio/qemu-sifive-e31-hello/bsp/install/lib/debug//libmetal-gloss.a(sys_lseek.o)
                0x0000000020401568                _lseek
 .text._read    0x0000000020401592       0x2a /home/fang/wsFreedomStudio/qemu-sifive-e31-hello/bsp/install/lib/debug//libmetal-gloss.a(sys_read.o)
                0x0000000020401592                _read
 .text._sbrk    0x00000000204015bc       0x6e /home/fang/wsFreedomStudio/qemu-sifive-e31-hello/bsp/install/lib/debug//libmetal-gloss.a(sys_sbrk.o)
                0x00000000204015bc                _sbrk
 .text._write   0x000000002040162a       0x6e /home/fang/wsFreedomStudio/qemu-sifive-e31-hello/bsp/install/lib/debug//libmetal-gloss.a(sys_write.o)
                0x000000002040162a                _write
 .text.atexit   0x0000000020401698        0xa /home/fang/Programs/FreedomStudio/SiFive/riscv64-unknown-elf-gcc-8.3.0-2019.08.0/bin/../lib/gcc/riscv64-unknown-elf/8.3.0/../../../../riscv64-unknown-elf/lib/rv32imac/ilp32/libc_nano.a(lib_a-atexit.o)
                0x0000000020401698                atexit
 .text.__errno  0x00000000204016a2        0xc /home/fang/Programs/FreedomStudio/SiFive/riscv64-unknown-elf-gcc-8.3.0-2019.08.0/bin/../lib/gcc/riscv64-unknown-elf/8.3.0/../../../../riscv64-unknown-elf/lib/rv32imac/ilp32/libc_nano.a(lib_a-errno.o)
                0x00000000204016a2                __errno
 .text.exit     0x00000000204016ae       0x2c /home/fang/Programs/FreedomStudio/SiFive/riscv64-unknown-elf-gcc-8.3.0-2019.08.0/bin/../lib/gcc/riscv64-unknown-elf/8.3.0/../../../../riscv64-unknown-elf/lib/rv32imac/ilp32/libc_nano.a(lib_a-exit.o)
                0x00000000204016ae                exit
 .text.__libc_fini_array
                0x00000000204016da       0x38 /home/fang/Programs/FreedomStudio/SiFive/riscv64-unknown-elf-gcc-8.3.0-2019.08.0/bin/../lib/gcc/riscv64-unknown-elf/8.3.0/../../../../riscv64-unknown-elf/lib/rv32imac/ilp32/libc_nano.a(lib_a-fini.o)
                0x00000000204016da                __libc_fini_array
 .text.__libc_init_array
                0x0000000020401712       0x6a /home/fang/Programs/FreedomStudio/SiFive/riscv64-unknown-elf-gcc-8.3.0-2019.08.0/bin/../lib/gcc/riscv64-unknown-elf/8.3.0/../../../../riscv64-unknown-elf/lib/rv32imac/ilp32/libc_nano.a(lib_a-init.o)
                0x0000000020401712                __libc_init_array
 .text.__register_exitproc
                0x000000002040177c       0x88 /home/fang/Programs/FreedomStudio/SiFive/riscv64-unknown-elf-gcc-8.3.0-2019.08.0/bin/../lib/gcc/riscv64-unknown-elf/8.3.0/../../../../riscv64-unknown-elf/lib/rv32imac/ilp32/libc_nano.a(lib_a-__atexit.o)
                0x000000002040177c                __register_exitproc
 .text.__call_exitprocs
                0x0000000020401804       0xc8 /home/fang/Programs/FreedomStudio/SiFive/riscv64-unknown-elf-gcc-8.3.0-2019.08.0/bin/../lib/gcc/riscv64-unknown-elf/8.3.0/../../../../riscv64-unknown-elf/lib/rv32imac/ilp32/libc_nano.a(lib_a-__call_atexit.o)
                0x0000000020401804                __call_exitprocs
 .text.metal_tty_putc
                0x00000000204018cc       0x2c /home/fang/wsFreedomStudio/qemu-sifive-e31-hello/bsp/install/lib/debug//libmetal.a(libriscv__mmachine__qemu-sifive-e31_a-tty.o)
                0x00000000204018cc                metal_tty_putc
 .text.metal_tty_putc_raw
                0x00000000204018f8       0x26 /home/fang/wsFreedomStudio/qemu-sifive-e31-hello/bsp/install/lib/debug//libmetal.a(libriscv__mmachine__qemu-sifive-e31_a-tty.o)
                0x00000000204018f8                metal_tty_putc_raw
 .text.metal_tty_init
                0x000000002040191e       0x22 /home/fang/wsFreedomStudio/qemu-sifive-e31-hello/bsp/install/lib/debug//libmetal.a(libriscv__mmachine__qemu-sifive-e31_a-tty.o)
 .text.metal_uart_init
                0x0000000020401940       0x2c /home/fang/wsFreedomStudio/qemu-sifive-e31-hello/bsp/install/lib/debug//libmetal.a(libriscv__mmachine__qemu-sifive-e31_a-uart.o)
                0x0000000020401940                metal_uart_init
 .text.metal_uart_putc
                0x000000002040196c       0x2e /home/fang/wsFreedomStudio/qemu-sifive-e31-hello/bsp/install/lib/debug//libmetal.a(libriscv__mmachine__qemu-sifive-e31_a-uart.o)
                0x000000002040196c                metal_uart_putc
 .text.metal_uart_set_baud_rate
                0x000000002040199a       0x2e /home/fang/wsFreedomStudio/qemu-sifive-e31-hello/bsp/install/lib/debug//libmetal.a(libriscv__mmachine__qemu-sifive-e31_a-uart.o)
                0x000000002040199a                metal_uart_set_baud_rate
 .text.__metal_driver_sifive_clint0_control_base
                0x00000000204019c8       0x26 /home/fang/wsFreedomStudio/qemu-sifive-e31-hello/bsp/install/lib/debug//libmetal.a(libriscv__mmachine__qemu-sifive-e31_a-riscv_clint0.o)
 .text.__metal_driver_sifive_clint0_num_interrupts
                0x00000000204019ee       0x24 /home/fang/wsFreedomStudio/qemu-sifive-e31-hello/bsp/install/lib/debug//libmetal.a(libriscv__mmachine__qemu-sifive-e31_a-riscv_clint0.o)
 .text.__metal_driver_sifive_clint0_interrupt_parents
                0x0000000020401a12       0x3c /home/fang/wsFreedomStudio/qemu-sifive-e31-hello/bsp/install/lib/debug//libmetal.a(libriscv__mmachine__qemu-sifive-e31_a-riscv_clint0.o)
 .text.__metal_driver_sifive_clint0_interrupt_lines
                0x0000000020401a4e       0x30 /home/fang/wsFreedomStudio/qemu-sifive-e31-hello/bsp/install/lib/debug//libmetal.a(libriscv__mmachine__qemu-sifive-e31_a-riscv_clint0.o)
 .text.__metal_clint0_mtime_get
                0x0000000020401a7e       0x9a /home/fang/wsFreedomStudio/qemu-sifive-e31-hello/bsp/install/lib/debug//libmetal.a(libriscv__mmachine__qemu-sifive-e31_a-riscv_clint0.o)
                0x0000000020401a7e                __metal_clint0_mtime_get
 .text.__metal_driver_riscv_clint0_mtimecmp_set
                0x0000000020401b18       0x96 /home/fang/wsFreedomStudio/qemu-sifive-e31-hello/bsp/install/lib/debug//libmetal.a(libriscv__mmachine__qemu-sifive-e31_a-riscv_clint0.o)
                0x0000000020401b18                __metal_driver_riscv_clint0_mtimecmp_set
 .text._get_cpu_intc
                0x0000000020401bae       0x36 /home/fang/wsFreedomStudio/qemu-sifive-e31-hello/bsp/install/lib/debug//libmetal.a(libriscv__mmachine__qemu-sifive-e31_a-riscv_clint0.o)
 .text.__metal_driver_riscv_clint0_init
                0x0000000020401be4       0x88 /home/fang/wsFreedomStudio/qemu-sifive-e31-hello/bsp/install/lib/debug//libmetal.a(libriscv__mmachine__qemu-sifive-e31_a-riscv_clint0.o)
                0x0000000020401be4                __metal_driver_riscv_clint0_init
 .text.__metal_driver_riscv_clint0_register
                0x0000000020401c6c       0xda /home/fang/wsFreedomStudio/qemu-sifive-e31-hello/bsp/install/lib/debug//libmetal.a(libriscv__mmachine__qemu-sifive-e31_a-riscv_clint0.o)
                0x0000000020401c6c                __metal_driver_riscv_clint0_register
 .text.__metal_driver_riscv_clint0_vector_register
                0x0000000020401d46       0x28 /home/fang/wsFreedomStudio/qemu-sifive-e31-hello/bsp/install/lib/debug//libmetal.a(libriscv__mmachine__qemu-sifive-e31_a-riscv_clint0.o)
                0x0000000020401d46                __metal_driver_riscv_clint0_vector_register
 .text.__metal_driver_riscv_clint0_get_vector_mode
                0x0000000020401d6e       0x1c /home/fang/wsFreedomStudio/qemu-sifive-e31-hello/bsp/install/lib/debug//libmetal.a(libriscv__mmachine__qemu-sifive-e31_a-riscv_clint0.o)
                0x0000000020401d6e                __metal_driver_riscv_clint0_get_vector_mode
 .text.__metal_driver_riscv_clint0_set_vector_mode
                0x0000000020401d8a       0x54 /home/fang/wsFreedomStudio/qemu-sifive-e31-hello/bsp/install/lib/debug//libmetal.a(libriscv__mmachine__qemu-sifive-e31_a-riscv_clint0.o)
                0x0000000020401d8a                __metal_driver_riscv_clint0_set_vector_mode
 .text.__metal_driver_riscv_clint0_enable
                0x0000000020401dde       0xb2 /home/fang/wsFreedomStudio/qemu-sifive-e31-hello/bsp/install/lib/debug//libmetal.a(libriscv__mmachine__qemu-sifive-e31_a-riscv_clint0.o)
                0x0000000020401dde                __metal_driver_riscv_clint0_enable
 .text.__metal_driver_riscv_clint0_disable
                0x0000000020401e90       0xb2 /home/fang/wsFreedomStudio/qemu-sifive-e31-hello/bsp/install/lib/debug//libmetal.a(libriscv__mmachine__qemu-sifive-e31_a-riscv_clint0.o)
                0x0000000020401e90                __metal_driver_riscv_clint0_disable
 .text.__metal_driver_riscv_clint0_command_request
                0x0000000020401f42      0x134 /home/fang/wsFreedomStudio/qemu-sifive-e31-hello/bsp/install/lib/debug//libmetal.a(libriscv__mmachine__qemu-sifive-e31_a-riscv_clint0.o)
                0x0000000020401f42                __metal_driver_riscv_clint0_command_request
 .text.__metal_driver_riscv_clint0_clear_interrupt
                0x0000000020402076       0x34 /home/fang/wsFreedomStudio/qemu-sifive-e31-hello/bsp/install/lib/debug//libmetal.a(libriscv__mmachine__qemu-sifive-e31_a-riscv_clint0.o)
                0x0000000020402076                __metal_driver_riscv_clint0_clear_interrupt
 .text.__metal_driver_riscv_clint0_set_interrupt
                0x00000000204020aa       0x34 /home/fang/wsFreedomStudio/qemu-sifive-e31-hello/bsp/install/lib/debug//libmetal.a(libriscv__mmachine__qemu-sifive-e31_a-riscv_clint0.o)
                0x00000000204020aa                __metal_driver_riscv_clint0_set_interrupt
 .text.__metal_driver_cpu_hartid
                0x00000000204020de       0x24 /home/fang/wsFreedomStudio/qemu-sifive-e31-hello/bsp/install/lib/debug//libmetal.a(libriscv__mmachine__qemu-sifive-e31_a-riscv_cpu.o)
 .text.__metal_driver_cpu_timebase
                0x0000000020402102       0x2a /home/fang/wsFreedomStudio/qemu-sifive-e31-hello/bsp/install/lib/debug//libmetal.a(libriscv__mmachine__qemu-sifive-e31_a-riscv_cpu.o)
 .text.__metal_driver_cpu_interrupt_controller
                0x000000002040212c       0x2a /home/fang/wsFreedomStudio/qemu-sifive-e31-hello/bsp/install/lib/debug//libmetal.a(libriscv__mmachine__qemu-sifive-e31_a-riscv_cpu.o)
 .text.__metal_driver_cpu_get
                0x0000000020402156       0x2c /home/fang/wsFreedomStudio/qemu-sifive-e31-hello/bsp/install/lib/debug//libmetal.a(libriscv__mmachine__qemu-sifive-e31_a-riscv_cpu.o)
                0x0000000020402156                __metal_driver_cpu_get
 .text.__metal_myhart_id
                0x0000000020402182       0x1a /home/fang/wsFreedomStudio/qemu-sifive-e31-hello/bsp/install/lib/debug//libmetal.a(libriscv__mmachine__qemu-sifive-e31_a-riscv_cpu.o)
                0x0000000020402182                __metal_myhart_id
 .text.__metal_interrupt_global_enable
                0x000000002040219c       0x18 /home/fang/wsFreedomStudio/qemu-sifive-e31-hello/bsp/install/lib/debug//libmetal.a(libriscv__mmachine__qemu-sifive-e31_a-riscv_cpu.o)
                0x000000002040219c                __metal_interrupt_global_enable
 .text.__metal_interrupt_global_disable
                0x00000000204021b4       0x18 /home/fang/wsFreedomStudio/qemu-sifive-e31-hello/bsp/install/lib/debug//libmetal.a(libriscv__mmachine__qemu-sifive-e31_a-riscv_cpu.o)
                0x00000000204021b4                __metal_interrupt_global_disable
 .text.__metal_interrupt_software_enable
                0x00000000204021cc       0x18 /home/fang/wsFreedomStudio/qemu-sifive-e31-hello/bsp/install/lib/debug//libmetal.a(libriscv__mmachine__qemu-sifive-e31_a-riscv_cpu.o)
                0x00000000204021cc                __metal_interrupt_software_enable
 .text.__metal_interrupt_software_disable
                0x00000000204021e4       0x18 /home/fang/wsFreedomStudio/qemu-sifive-e31-hello/bsp/install/lib/debug//libmetal.a(libriscv__mmachine__qemu-sifive-e31_a-riscv_cpu.o)
                0x00000000204021e4                __metal_interrupt_software_disable
 .text.__metal_interrupt_timer_enable
                0x00000000204021fc       0x1a /home/fang/wsFreedomStudio/qemu-sifive-e31-hello/bsp/install/lib/debug//libmetal.a(libriscv__mmachine__qemu-sifive-e31_a-riscv_cpu.o)
                0x00000000204021fc                __metal_interrupt_timer_enable
 .text.__metal_interrupt_timer_disable
                0x0000000020402216       0x1a /home/fang/wsFreedomStudio/qemu-sifive-e31-hello/bsp/install/lib/debug//libmetal.a(libriscv__mmachine__qemu-sifive-e31_a-riscv_cpu.o)
                0x0000000020402216                __metal_interrupt_timer_disable
 .text.__metal_interrupt_external_enable
                0x0000000020402230       0x1c /home/fang/wsFreedomStudio/qemu-sifive-e31-hello/bsp/install/lib/debug//libmetal.a(libriscv__mmachine__qemu-sifive-e31_a-riscv_cpu.o)
                0x0000000020402230                __metal_interrupt_external_enable
 .text.__metal_interrupt_external_disable
                0x000000002040224c       0x1c /home/fang/wsFreedomStudio/qemu-sifive-e31-hello/bsp/install/lib/debug//libmetal.a(libriscv__mmachine__qemu-sifive-e31_a-riscv_cpu.o)
                0x000000002040224c                __metal_interrupt_external_disable
 .text.__metal_interrupt_local_enable
                0x0000000020402268       0x2c /home/fang/wsFreedomStudio/qemu-sifive-e31-hello/bsp/install/lib/debug//libmetal.a(libriscv__mmachine__qemu-sifive-e31_a-riscv_cpu.o)
                0x0000000020402268                __metal_interrupt_local_enable
 .text.__metal_interrupt_local_disable
                0x0000000020402294       0x2c /home/fang/wsFreedomStudio/qemu-sifive-e31-hello/bsp/install/lib/debug//libmetal.a(libriscv__mmachine__qemu-sifive-e31_a-riscv_cpu.o)
                0x0000000020402294                __metal_interrupt_local_disable
 .text.__metal_default_exception_handler
                0x00000000204022c0       0x18 /home/fang/wsFreedomStudio/qemu-sifive-e31-hello/bsp/install/lib/debug//libmetal.a(libriscv__mmachine__qemu-sifive-e31_a-riscv_cpu.o)
                0x00000000204022c0                __metal_default_exception_handler
 .text.__metal_default_interrupt_handler
                0x00000000204022d8       0x18 /home/fang/wsFreedomStudio/qemu-sifive-e31-hello/bsp/install/lib/debug//libmetal.a(libriscv__mmachine__qemu-sifive-e31_a-riscv_cpu.o)
                0x00000000204022d8                __metal_default_interrupt_handler
 .text.metal_interrupt_vector_handler
                0x00000000204022f0       0x2e /home/fang/wsFreedomStudio/qemu-sifive-e31-hello/bsp/install/lib/debug//libmetal.a(libriscv__mmachine__qemu-sifive-e31_a-riscv_cpu.o)
                0x00000000204022f0                metal_interrupt_vector_handler
 .text.metal_software_interrupt_vector_handler
                0x000000002040231e       0x8e /home/fang/wsFreedomStudio/qemu-sifive-e31-hello/bsp/install/lib/debug//libmetal.a(libriscv__mmachine__qemu-sifive-e31_a-riscv_cpu.o)
                0x000000002040231e                metal_software_interrupt_vector_handler
 .text.__metal_default_sw_handler
                0x00000000204023ac       0x64 /home/fang/wsFreedomStudio/qemu-sifive-e31-hello/bsp/install/lib/debug//libmetal.a(libriscv__mmachine__qemu-sifive-e31_a-riscv_cpu.o)
                0x00000000204023ac                __metal_default_sw_handler
 .text.metal_timer_interrupt_vector_handler
                0x0000000020402410       0x8e /home/fang/wsFreedomStudio/qemu-sifive-e31-hello/bsp/install/lib/debug//libmetal.a(libriscv__mmachine__qemu-sifive-e31_a-riscv_cpu.o)
                0x0000000020402410                metal_timer_interrupt_vector_handler
 .text.__metal_default_timer_handler
                0x000000002040249e       0x66 /home/fang/wsFreedomStudio/qemu-sifive-e31-hello/bsp/install/lib/debug//libmetal.a(libriscv__mmachine__qemu-sifive-e31_a-riscv_cpu.o)
                0x000000002040249e                __metal_default_timer_handler
 *fill*         0x0000000020402504       0x7c 
 .text.__metal_exception_handler
                0x0000000020402580      0x172 /home/fang/wsFreedomStudio/qemu-sifive-e31-hello/bsp/install/lib/debug//libmetal.a(libriscv__mmachine__qemu-sifive-e31_a-riscv_cpu.o)
                0x0000000020402580                __metal_exception_handler
 .text.metal_lc0_interrupt_vector_handler
                0x00000000204026f2       0x92 /home/fang/wsFreedomStudio/qemu-sifive-e31-hello/bsp/install/lib/debug//libmetal.a(libriscv__mmachine__qemu-sifive-e31_a-riscv_cpu.o)
                0x00000000204026f2                metal_lc0_interrupt_vector_handler
 .text.metal_lc1_interrupt_vector_handler
                0x0000000020402784       0x92 /home/fang/wsFreedomStudio/qemu-sifive-e31-hello/bsp/install/lib/debug//libmetal.a(libriscv__mmachine__qemu-sifive-e31_a-riscv_cpu.o)
                0x0000000020402784                metal_lc1_interrupt_vector_handler
 .text.metal_lc2_interrupt_vector_handler
                0x0000000020402816       0x92 /home/fang/wsFreedomStudio/qemu-sifive-e31-hello/bsp/install/lib/debug//libmetal.a(libriscv__mmachine__qemu-sifive-e31_a-riscv_cpu.o)
                0x0000000020402816                metal_lc2_interrupt_vector_handler
 .text.metal_lc3_interrupt_vector_handler
                0x00000000204028a8       0x92 /home/fang/wsFreedomStudio/qemu-sifive-e31-hello/bsp/install/lib/debug//libmetal.a(libriscv__mmachine__qemu-sifive-e31_a-riscv_cpu.o)
                0x00000000204028a8                metal_lc3_interrupt_vector_handler
 .text.metal_lc4_interrupt_vector_handler
                0x000000002040293a       0x92 /home/fang/wsFreedomStudio/qemu-sifive-e31-hello/bsp/install/lib/debug//libmetal.a(libriscv__mmachine__qemu-sifive-e31_a-riscv_cpu.o)
                0x000000002040293a                metal_lc4_interrupt_vector_handler
 .text.metal_lc5_interrupt_vector_handler
                0x00000000204029cc       0x92 /home/fang/wsFreedomStudio/qemu-sifive-e31-hello/bsp/install/lib/debug//libmetal.a(libriscv__mmachine__qemu-sifive-e31_a-riscv_cpu.o)
                0x00000000204029cc                metal_lc5_interrupt_vector_handler
 .text.metal_lc6_interrupt_vector_handler
                0x0000000020402a5e       0x92 /home/fang/wsFreedomStudio/qemu-sifive-e31-hello/bsp/install/lib/debug//libmetal.a(libriscv__mmachine__qemu-sifive-e31_a-riscv_cpu.o)
                0x0000000020402a5e                metal_lc6_interrupt_vector_handler
 .text.metal_lc7_interrupt_vector_handler
                0x0000000020402af0       0x92 /home/fang/wsFreedomStudio/qemu-sifive-e31-hello/bsp/install/lib/debug//libmetal.a(libriscv__mmachine__qemu-sifive-e31_a-riscv_cpu.o)
                0x0000000020402af0                metal_lc7_interrupt_vector_handler
 .text.metal_lc8_interrupt_vector_handler
                0x0000000020402b82       0x92 /home/fang/wsFreedomStudio/qemu-sifive-e31-hello/bsp/install/lib/debug//libmetal.a(libriscv__mmachine__qemu-sifive-e31_a-riscv_cpu.o)
                0x0000000020402b82                metal_lc8_interrupt_vector_handler
 .text.metal_lc9_interrupt_vector_handler
                0x0000000020402c14       0x92 /home/fang/wsFreedomStudio/qemu-sifive-e31-hello/bsp/install/lib/debug//libmetal.a(libriscv__mmachine__qemu-sifive-e31_a-riscv_cpu.o)
                0x0000000020402c14                metal_lc9_interrupt_vector_handler
 .text.metal_lc10_interrupt_vector_handler
                0x0000000020402ca6       0x92 /home/fang/wsFreedomStudio/qemu-sifive-e31-hello/bsp/install/lib/debug//libmetal.a(libriscv__mmachine__qemu-sifive-e31_a-riscv_cpu.o)
                0x0000000020402ca6                metal_lc10_interrupt_vector_handler
 .text.metal_lc11_interrupt_vector_handler
                0x0000000020402d38       0x92 /home/fang/wsFreedomStudio/qemu-sifive-e31-hello/bsp/install/lib/debug//libmetal.a(libriscv__mmachine__qemu-sifive-e31_a-riscv_cpu.o)
                0x0000000020402d38                metal_lc11_interrupt_vector_handler
 .text.metal_lc12_interrupt_vector_handler
                0x0000000020402dca       0x92 /home/fang/wsFreedomStudio/qemu-sifive-e31-hello/bsp/install/lib/debug//libmetal.a(libriscv__mmachine__qemu-sifive-e31_a-riscv_cpu.o)
                0x0000000020402dca                metal_lc12_interrupt_vector_handler
 .text.metal_lc13_interrupt_vector_handler
                0x0000000020402e5c       0x92 /home/fang/wsFreedomStudio/qemu-sifive-e31-hello/bsp/install/lib/debug//libmetal.a(libriscv__mmachine__qemu-sifive-e31_a-riscv_cpu.o)
                0x0000000020402e5c                metal_lc13_interrupt_vector_handler
 .text.metal_lc14_interrupt_vector_handler
                0x0000000020402eee       0x92 /home/fang/wsFreedomStudio/qemu-sifive-e31-hello/bsp/install/lib/debug//libmetal.a(libriscv__mmachine__qemu-sifive-e31_a-riscv_cpu.o)
                0x0000000020402eee                metal_lc14_interrupt_vector_handler
 .text.metal_lc15_interrupt_vector_handler
                0x0000000020402f80       0x92 /home/fang/wsFreedomStudio/qemu-sifive-e31-hello/bsp/install/lib/debug//libmetal.a(libriscv__mmachine__qemu-sifive-e31_a-riscv_cpu.o)
                0x0000000020402f80                metal_lc15_interrupt_vector_handler
 .text.__metal_controller_interrupt_vector_mode
                0x0000000020403012       0x50 /home/fang/wsFreedomStudio/qemu-sifive-e31-hello/bsp/install/lib/debug//libmetal.a(libriscv__mmachine__qemu-sifive-e31_a-riscv_cpu.o)
                0x0000000020403012                __metal_controller_interrupt_vector_mode
 .text.__metal_controller_interrupt_vector
                0x0000000020403062       0x98 /home/fang/wsFreedomStudio/qemu-sifive-e31-hello/bsp/install/lib/debug//libmetal.a(libriscv__mmachine__qemu-sifive-e31_a-riscv_cpu.o)
                0x0000000020403062                __metal_controller_interrupt_vector
 .text.__metal_valid_interrupt_id
                0x00000000204030fa       0x38 /home/fang/wsFreedomStudio/qemu-sifive-e31-hello/bsp/install/lib/debug//libmetal.a(libriscv__mmachine__qemu-sifive-e31_a-riscv_cpu.o)
                0x00000000204030fa                __metal_valid_interrupt_id
 .text.__metal_local_interrupt_enable
                0x0000000020403132       0xbc /home/fang/wsFreedomStudio/qemu-sifive-e31-hello/bsp/install/lib/debug//libmetal.a(libriscv__mmachine__qemu-sifive-e31_a-riscv_cpu.o)
                0x0000000020403132                __metal_local_interrupt_enable
 .text.__metal_exception_register
                0x00000000204031ee       0x4e /home/fang/wsFreedomStudio/qemu-sifive-e31-hello/bsp/install/lib/debug//libmetal.a(libriscv__mmachine__qemu-sifive-e31_a-riscv_cpu.o)
                0x00000000204031ee                __metal_exception_register
 .text.__metal_driver_riscv_cpu_controller_interrupt_init
                0x000000002040323c      0x13e /home/fang/wsFreedomStudio/qemu-sifive-e31-hello/bsp/install/lib/debug//libmetal.a(libriscv__mmachine__qemu-sifive-e31_a-riscv_cpu.o)
                0x000000002040323c                __metal_driver_riscv_cpu_controller_interrupt_init
 .text.__metal_driver_riscv_cpu_controller_interrupt_register
                0x000000002040337a      0x14e /home/fang/wsFreedomStudio/qemu-sifive-e31-hello/bsp/install/lib/debug//libmetal.a(libriscv__mmachine__qemu-sifive-e31_a-riscv_cpu.o)
                0x000000002040337a                __metal_driver_riscv_cpu_controller_interrupt_register
 .text.__metal_driver_riscv_cpu_controller_interrupt_enable
                0x00000000204034c8       0x2a /home/fang/wsFreedomStudio/qemu-sifive-e31-hello/bsp/install/lib/debug//libmetal.a(libriscv__mmachine__qemu-sifive-e31_a-riscv_cpu.o)
                0x00000000204034c8                __metal_driver_riscv_cpu_controller_interrupt_enable
 .text.__metal_driver_riscv_cpu_controller_interrupt_disable
                0x00000000204034f2       0x2a /home/fang/wsFreedomStudio/qemu-sifive-e31-hello/bsp/install/lib/debug//libmetal.a(libriscv__mmachine__qemu-sifive-e31_a-riscv_cpu.o)
                0x00000000204034f2                __metal_driver_riscv_cpu_controller_interrupt_disable
 .text.__metal_driver_riscv_cpu_controller_get_vector_mode
                0x000000002040351c       0x1c /home/fang/wsFreedomStudio/qemu-sifive-e31-hello/bsp/install/lib/debug//libmetal.a(libriscv__mmachine__qemu-sifive-e31_a-riscv_cpu.o)
                0x000000002040351c                __metal_driver_riscv_cpu_controller_get_vector_mode
 .text.__metal_driver_riscv_cpu_controller_set_vector_mode
                0x0000000020403538       0x5c /home/fang/wsFreedomStudio/qemu-sifive-e31-hello/bsp/install/lib/debug//libmetal.a(libriscv__mmachine__qemu-sifive-e31_a-riscv_cpu.o)
                0x0000000020403538                __metal_driver_riscv_cpu_controller_set_vector_mode
 .text.__metal_driver_riscv_cpu_controller_command_request
                0x0000000020403594       0x1c /home/fang/wsFreedomStudio/qemu-sifive-e31-hello/bsp/install/lib/debug//libmetal.a(libriscv__mmachine__qemu-sifive-e31_a-riscv_cpu.o)
                0x0000000020403594                __metal_driver_riscv_cpu_controller_command_request
 .text.__metal_driver_cpu_mcycle_get
                0x00000000204035b0       0x72 /home/fang/wsFreedomStudio/qemu-sifive-e31-hello/bsp/install/lib/debug//libmetal.a(libriscv__mmachine__qemu-sifive-e31_a-riscv_cpu.o)
                0x00000000204035b0                __metal_driver_cpu_mcycle_get
 .text.__metal_driver_cpu_timebase_get
                0x0000000020403622       0x46 /home/fang/wsFreedomStudio/qemu-sifive-e31-hello/bsp/install/lib/debug//libmetal.a(libriscv__mmachine__qemu-sifive-e31_a-riscv_cpu.o)
                0x0000000020403622                __metal_driver_cpu_timebase_get
 .text.__metal_driver_cpu_mtime_get
                0x0000000020403668       0x66 /home/fang/wsFreedomStudio/qemu-sifive-e31-hello/bsp/install/lib/debug//libmetal.a(libriscv__mmachine__qemu-sifive-e31_a-riscv_cpu.o)
                0x0000000020403668                __metal_driver_cpu_mtime_get
 .text.__metal_driver_cpu_mtimecmp_set
                0x00000000204036ce       0x76 /home/fang/wsFreedomStudio/qemu-sifive-e31-hello/bsp/install/lib/debug//libmetal.a(libriscv__mmachine__qemu-sifive-e31_a-riscv_cpu.o)
                0x00000000204036ce                __metal_driver_cpu_mtimecmp_set
 .text.__metal_driver_cpu_timer_controller_interrupt
                0x0000000020403744       0x16 /home/fang/wsFreedomStudio/qemu-sifive-e31-hello/bsp/install/lib/debug//libmetal.a(libriscv__mmachine__qemu-sifive-e31_a-riscv_cpu.o)
                0x0000000020403744                __metal_driver_cpu_timer_controller_interrupt
 .text.__metal_driver_cpu_get_timer_interrupt_id
                0x000000002040375a       0x14 /home/fang/wsFreedomStudio/qemu-sifive-e31-hello/bsp/install/lib/debug//libmetal.a(libriscv__mmachine__qemu-sifive-e31_a-riscv_cpu.o)
                0x000000002040375a                __metal_driver_cpu_get_timer_interrupt_id
 .text.__metal_driver_cpu_sw_controller_interrupt
                0x000000002040376e       0x16 /home/fang/wsFreedomStudio/qemu-sifive-e31-hello/bsp/install/lib/debug//libmetal.a(libriscv__mmachine__qemu-sifive-e31_a-riscv_cpu.o)
                0x000000002040376e                __metal_driver_cpu_sw_controller_interrupt
 .text.__metal_driver_cpu_get_sw_interrupt_id
                0x0000000020403784       0x14 /home/fang/wsFreedomStudio/qemu-sifive-e31-hello/bsp/install/lib/debug//libmetal.a(libriscv__mmachine__qemu-sifive-e31_a-riscv_cpu.o)
                0x0000000020403784                __metal_driver_cpu_get_sw_interrupt_id
 .text.__metal_driver_cpu_set_sw_ipi
                0x0000000020403798       0x62 /home/fang/wsFreedomStudio/qemu-sifive-e31-hello/bsp/install/lib/debug//libmetal.a(libriscv__mmachine__qemu-sifive-e31_a-riscv_cpu.o)
                0x0000000020403798                __metal_driver_cpu_set_sw_ipi
 .text.__metal_driver_cpu_clear_sw_ipi
                0x00000000204037fa       0x62 /home/fang/wsFreedomStudio/qemu-sifive-e31-hello/bsp/install/lib/debug//libmetal.a(libriscv__mmachine__qemu-sifive-e31_a-riscv_cpu.o)
                0x00000000204037fa                __metal_driver_cpu_clear_sw_ipi
 .text.__metal_driver_cpu_get_msip
                0x000000002040385c       0x60 /home/fang/wsFreedomStudio/qemu-sifive-e31-hello/bsp/install/lib/debug//libmetal.a(libriscv__mmachine__qemu-sifive-e31_a-riscv_cpu.o)
                0x000000002040385c                __metal_driver_cpu_get_msip
 .text.__metal_driver_cpu_controller_interrupt
                0x00000000204038bc       0x20 /home/fang/wsFreedomStudio/qemu-sifive-e31-hello/bsp/install/lib/debug//libmetal.a(libriscv__mmachine__qemu-sifive-e31_a-riscv_cpu.o)
                0x00000000204038bc                __metal_driver_cpu_controller_interrupt
 .text.__metal_driver_cpu_exception_register
                0x00000000204038dc       0x46 /home/fang/wsFreedomStudio/qemu-sifive-e31-hello/bsp/install/lib/debug//libmetal.a(libriscv__mmachine__qemu-sifive-e31_a-riscv_cpu.o)
                0x00000000204038dc                __metal_driver_cpu_exception_register
 .text.__metal_driver_cpu_get_instruction_length
                0x0000000020403922       0x2e /home/fang/wsFreedomStudio/qemu-sifive-e31-hello/bsp/install/lib/debug//libmetal.a(libriscv__mmachine__qemu-sifive-e31_a-riscv_cpu.o)
                0x0000000020403922                __metal_driver_cpu_get_instruction_length
 .text.__metal_driver_cpu_get_exception_pc
                0x0000000020403950       0x1e /home/fang/wsFreedomStudio/qemu-sifive-e31-hello/bsp/install/lib/debug//libmetal.a(libriscv__mmachine__qemu-sifive-e31_a-riscv_cpu.o)
                0x0000000020403950                __metal_driver_cpu_get_exception_pc
 .text.__metal_driver_cpu_set_exception_pc
                0x000000002040396e       0x20 /home/fang/wsFreedomStudio/qemu-sifive-e31-hello/bsp/install/lib/debug//libmetal.a(libriscv__mmachine__qemu-sifive-e31_a-riscv_cpu.o)
                0x000000002040396e                __metal_driver_cpu_set_exception_pc
 .text.__metal_driver_sifive_plic0_control_base
                0x000000002040398e       0x2a /home/fang/wsFreedomStudio/qemu-sifive-e31-hello/bsp/install/lib/debug//libmetal.a(libriscv__mmachine__qemu-sifive-e31_a-riscv_plic0.o)
 .text.__metal_driver_sifive_plic0_num_interrupts
                0x00000000204039b8       0x28 /home/fang/wsFreedomStudio/qemu-sifive-e31-hello/bsp/install/lib/debug//libmetal.a(libriscv__mmachine__qemu-sifive-e31_a-riscv_plic0.o)
 .text.__metal_driver_sifive_plic0_max_priority
                0x00000000204039e0       0x28 /home/fang/wsFreedomStudio/qemu-sifive-e31-hello/bsp/install/lib/debug//libmetal.a(libriscv__mmachine__qemu-sifive-e31_a-riscv_plic0.o)
 .text.__metal_driver_sifive_plic0_interrupt_parents
                0x0000000020403a08       0x28 /home/fang/wsFreedomStudio/qemu-sifive-e31-hello/bsp/install/lib/debug//libmetal.a(libriscv__mmachine__qemu-sifive-e31_a-riscv_plic0.o)
 .text.__metal_driver_sifive_plic0_interrupt_lines
                0x0000000020403a30       0x22 /home/fang/wsFreedomStudio/qemu-sifive-e31-hello/bsp/install/lib/debug//libmetal.a(libriscv__mmachine__qemu-sifive-e31_a-riscv_plic0.o)
 .text.__metal_plic0_claim_interrupt
                0x0000000020403a52       0x2e /home/fang/wsFreedomStudio/qemu-sifive-e31-hello/bsp/install/lib/debug//libmetal.a(libriscv__mmachine__qemu-sifive-e31_a-riscv_plic0.o)
                0x0000000020403a52                __metal_plic0_claim_interrupt
 .text.__metal_plic0_complete_interrupt
                0x0000000020403a80       0x38 /home/fang/wsFreedomStudio/qemu-sifive-e31-hello/bsp/install/lib/debug//libmetal.a(libriscv__mmachine__qemu-sifive-e31_a-riscv_plic0.o)
                0x0000000020403a80                __metal_plic0_complete_interrupt
 .text.__metal_plic0_set_threshold
                0x0000000020403ab8       0x38 /home/fang/wsFreedomStudio/qemu-sifive-e31-hello/bsp/install/lib/debug//libmetal.a(libriscv__mmachine__qemu-sifive-e31_a-riscv_plic0.o)
                0x0000000020403ab8                __metal_plic0_set_threshold
 .text.__metal_plic0_get_threshold
                0x0000000020403af0       0x2c /home/fang/wsFreedomStudio/qemu-sifive-e31-hello/bsp/install/lib/debug//libmetal.a(libriscv__mmachine__qemu-sifive-e31_a-riscv_plic0.o)
                0x0000000020403af0                __metal_plic0_get_threshold
 .text.__metal_plic0_set_priority
                0x0000000020403b1c       0x62 /home/fang/wsFreedomStudio/qemu-sifive-e31-hello/bsp/install/lib/debug//libmetal.a(libriscv__mmachine__qemu-sifive-e31_a-riscv_plic0.o)
                0x0000000020403b1c                __metal_plic0_set_priority
 .text.__metal_plic0_get_priority
                0x0000000020403b7e       0x34 /home/fang/wsFreedomStudio/qemu-sifive-e31-hello/bsp/install/lib/debug//libmetal.a(libriscv__mmachine__qemu-sifive-e31_a-riscv_plic0.o)
                0x0000000020403b7e                __metal_plic0_get_priority
 .text.__metal_plic0_enable
                0x0000000020403bb2       0x8c /home/fang/wsFreedomStudio/qemu-sifive-e31-hello/bsp/install/lib/debug//libmetal.a(libriscv__mmachine__qemu-sifive-e31_a-riscv_plic0.o)
                0x0000000020403bb2                __metal_plic0_enable
 .text.__metal_plic0_default_handler
                0x0000000020403c3e       0x18 /home/fang/wsFreedomStudio/qemu-sifive-e31-hello/bsp/install/lib/debug//libmetal.a(libriscv__mmachine__qemu-sifive-e31_a-riscv_plic0.o)
                0x0000000020403c3e                __metal_plic0_default_handler
 .text.__metal_plic0_handler
                0x0000000020403c56       0x8e /home/fang/wsFreedomStudio/qemu-sifive-e31-hello/bsp/install/lib/debug//libmetal.a(libriscv__mmachine__qemu-sifive-e31_a-riscv_plic0.o)
                0x0000000020403c56                __metal_plic0_handler
 .text.__metal_driver_riscv_plic0_init
                0x0000000020403ce4      0x13c /home/fang/wsFreedomStudio/qemu-sifive-e31-hello/bsp/install/lib/debug//libmetal.a(libriscv__mmachine__qemu-sifive-e31_a-riscv_plic0.o)
                0x0000000020403ce4                __metal_driver_riscv_plic0_init
 .text.__metal_driver_riscv_plic0_register
                0x0000000020403e20       0xc0 /home/fang/wsFreedomStudio/qemu-sifive-e31-hello/bsp/install/lib/debug//libmetal.a(libriscv__mmachine__qemu-sifive-e31_a-riscv_plic0.o)
                0x0000000020403e20                __metal_driver_riscv_plic0_register
 .text.__metal_driver_riscv_plic0_enable
                0x0000000020403ee0       0x48 /home/fang/wsFreedomStudio/qemu-sifive-e31-hello/bsp/install/lib/debug//libmetal.a(libriscv__mmachine__qemu-sifive-e31_a-riscv_plic0.o)
                0x0000000020403ee0                __metal_driver_riscv_plic0_enable
 .text.__metal_driver_riscv_plic0_disable
                0x0000000020403f28       0x48 /home/fang/wsFreedomStudio/qemu-sifive-e31-hello/bsp/install/lib/debug//libmetal.a(libriscv__mmachine__qemu-sifive-e31_a-riscv_plic0.o)
                0x0000000020403f28                __metal_driver_riscv_plic0_disable
 .text.__metal_driver_sifive_fe310_g000_hfrosc_ref
                0x0000000020403f70       0x1a /home/fang/wsFreedomStudio/qemu-sifive-e31-hello/bsp/install/lib/debug//libmetal.a(libriscv__mmachine__qemu-sifive-e31_a-sifive_fe310-g000_hfrosc.o)
 .text.__metal_driver_sifive_fe310_g000_hfrosc_config_base
                0x0000000020403f8a       0x16 /home/fang/wsFreedomStudio/qemu-sifive-e31-hello/bsp/install/lib/debug//libmetal.a(libriscv__mmachine__qemu-sifive-e31_a-sifive_fe310-g000_hfrosc.o)
 .text.__metal_driver_sifive_fe310_g000_hfrosc_config_offset
                0x0000000020403fa0       0x14 /home/fang/wsFreedomStudio/qemu-sifive-e31-hello/bsp/install/lib/debug//libmetal.a(libriscv__mmachine__qemu-sifive-e31_a-sifive_fe310-g000_hfrosc.o)
 .text.__metal_driver_sifive_fe310_g000_prci_vtable
                0x0000000020403fb4       0x12 /home/fang/wsFreedomStudio/qemu-sifive-e31-hello/bsp/install/lib/debug//libmetal.a(libriscv__mmachine__qemu-sifive-e31_a-sifive_fe310-g000_hfrosc.o)
 .text.__metal_driver_sifive_fe310_g000_hfrosc_get_rate_hz
                0x0000000020403fc6       0x84 /home/fang/wsFreedomStudio/qemu-sifive-e31-hello/bsp/install/lib/debug//libmetal.a(libriscv__mmachine__qemu-sifive-e31_a-sifive_fe310-g000_hfrosc.o)
                0x0000000020403fc6                __metal_driver_sifive_fe310_g000_hfrosc_get_rate_hz
 .text.__metal_driver_sifive_fe310_g000_hfrosc_set_rate_hz
                0x000000002040404a       0x22 /home/fang/wsFreedomStudio/qemu-sifive-e31-hello/bsp/install/lib/debug//libmetal.a(libriscv__mmachine__qemu-sifive-e31_a-sifive_fe310-g000_hfrosc.o)
                0x000000002040404a                __metal_driver_sifive_fe310_g000_hfrosc_set_rate_hz
 .text.__metal_driver_sifive_fe310_g000_hfxosc_ref
                0x000000002040406c       0x1a /home/fang/wsFreedomStudio/qemu-sifive-e31-hello/bsp/install/lib/debug//libmetal.a(libriscv__mmachine__qemu-sifive-e31_a-sifive_fe310-g000_hfxosc.o)
 .text.__metal_driver_sifive_fe310_g000_hfxosc_config_base
                0x0000000020404086       0x16 /home/fang/wsFreedomStudio/qemu-sifive-e31-hello/bsp/install/lib/debug//libmetal.a(libriscv__mmachine__qemu-sifive-e31_a-sifive_fe310-g000_hfxosc.o)
 .text.__metal_driver_sifive_fe310_g000_hfxosc_config_offset
                0x000000002040409c       0x14 /home/fang/wsFreedomStudio/qemu-sifive-e31-hello/bsp/install/lib/debug//libmetal.a(libriscv__mmachine__qemu-sifive-e31_a-sifive_fe310-g000_hfxosc.o)
 .text.__metal_driver_sifive_fe310_g000_prci_vtable
                0x00000000204040b0       0x12 /home/fang/wsFreedomStudio/qemu-sifive-e31-hello/bsp/install/lib/debug//libmetal.a(libriscv__mmachine__qemu-sifive-e31_a-sifive_fe310-g000_hfxosc.o)
 .text.__metal_driver_sifive_fe310_g000_hfxosc_get_rate_hz
                0x00000000204040c2       0x74 /home/fang/wsFreedomStudio/qemu-sifive-e31-hello/bsp/install/lib/debug//libmetal.a(libriscv__mmachine__qemu-sifive-e31_a-sifive_fe310-g000_hfxosc.o)
                0x00000000204040c2                __metal_driver_sifive_fe310_g000_hfxosc_get_rate_hz
 .text.__metal_driver_sifive_fe310_g000_hfxosc_set_rate_hz
                0x0000000020404136       0x22 /home/fang/wsFreedomStudio/qemu-sifive-e31-hello/bsp/install/lib/debug//libmetal.a(libriscv__mmachine__qemu-sifive-e31_a-sifive_fe310-g000_hfxosc.o)
                0x0000000020404136                __metal_driver_sifive_fe310_g000_hfxosc_set_rate_hz
 .text.__metal_driver_sifive_fe310_g000_pll_pllsel0
                0x0000000020404158       0x1a /home/fang/wsFreedomStudio/qemu-sifive-e31-hello/bsp/install/lib/debug//libmetal.a(libriscv__mmachine__qemu-sifive-e31_a-sifive_fe310-g000_pll.o)
 .text.__metal_driver_sifive_fe310_g000_pll_pllref
                0x0000000020404172       0x1a /home/fang/wsFreedomStudio/qemu-sifive-e31-hello/bsp/install/lib/debug//libmetal.a(libriscv__mmachine__qemu-sifive-e31_a-sifive_fe310-g000_pll.o)
 .text.__metal_driver_sifive_fe310_g000_pll_divider_base
                0x000000002040418c       0x16 /home/fang/wsFreedomStudio/qemu-sifive-e31-hello/bsp/install/lib/debug//libmetal.a(libriscv__mmachine__qemu-sifive-e31_a-sifive_fe310-g000_pll.o)
 .text.__metal_driver_sifive_fe310_g000_pll_divider_offset
                0x00000000204041a2       0x14 /home/fang/wsFreedomStudio/qemu-sifive-e31-hello/bsp/install/lib/debug//libmetal.a(libriscv__mmachine__qemu-sifive-e31_a-sifive_fe310-g000_pll.o)
 .text.__metal_driver_sifive_fe310_g000_pll_config_base
                0x00000000204041b6       0x12 /home/fang/wsFreedomStudio/qemu-sifive-e31-hello/bsp/install/lib/debug//libmetal.a(libriscv__mmachine__qemu-sifive-e31_a-sifive_fe310-g000_pll.o)
 .text.__metal_driver_sifive_fe310_g000_pll_config_offset
                0x00000000204041c8       0x10 /home/fang/wsFreedomStudio/qemu-sifive-e31-hello/bsp/install/lib/debug//libmetal.a(libriscv__mmachine__qemu-sifive-e31_a-sifive_fe310-g000_pll.o)
 .text.__metal_driver_sifive_fe310_g000_pll_init_rate
                0x00000000204041d8       0x16 /home/fang/wsFreedomStudio/qemu-sifive-e31-hello/bsp/install/lib/debug//libmetal.a(libriscv__mmachine__qemu-sifive-e31_a-sifive_fe310-g000_pll.o)
 .text.__metal_driver_sifive_fe310_g000_prci_base
                0x00000000204041ee       0x12 /home/fang/wsFreedomStudio/qemu-sifive-e31-hello/bsp/install/lib/debug//libmetal.a(libriscv__mmachine__qemu-sifive-e31_a-sifive_fe310-g000_pll.o)
 .text.__metal_driver_sifive_fe310_g000_prci_vtable
                0x0000000020404200       0x12 /home/fang/wsFreedomStudio/qemu-sifive-e31-hello/bsp/install/lib/debug//libmetal.a(libriscv__mmachine__qemu-sifive-e31_a-sifive_fe310-g000_pll.o)
 .text.get_pll_config_freq
                0x0000000020404212       0x4e /home/fang/wsFreedomStudio/qemu-sifive-e31-hello/bsp/install/lib/debug//libmetal.a(libriscv__mmachine__qemu-sifive-e31_a-sifive_fe310-g000_pll.o)
 .text.metal_sifive_fe310_g000_pll_init
                0x0000000020404260       0x28 /home/fang/wsFreedomStudio/qemu-sifive-e31-hello/bsp/install/lib/debug//libmetal.a(libriscv__mmachine__qemu-sifive-e31_a-sifive_fe310-g000_pll.o)
 .text.__metal_driver_sifive_fe310_g000_pll_init
                0x0000000020404288       0xa4 /home/fang/wsFreedomStudio/qemu-sifive-e31-hello/bsp/install/lib/debug//libmetal.a(libriscv__mmachine__qemu-sifive-e31_a-sifive_fe310-g000_pll.o)
                0x0000000020404288                __metal_driver_sifive_fe310_g000_pll_init
 .text.__metal_driver_sifive_fe310_g000_pll_get_rate_hz
                0x000000002040432c      0x170 /home/fang/wsFreedomStudio/qemu-sifive-e31-hello/bsp/install/lib/debug//libmetal.a(libriscv__mmachine__qemu-sifive-e31_a-sifive_fe310-g000_pll.o)
                0x000000002040432c                __metal_driver_sifive_fe310_g000_pll_get_rate_hz
 .text.find_closest_config
                0x000000002040449c       0xac /home/fang/wsFreedomStudio/qemu-sifive-e31-hello/bsp/install/lib/debug//libmetal.a(libriscv__mmachine__qemu-sifive-e31_a-sifive_fe310-g000_pll.o)
 .text.configure_pll
                0x0000000020404548      0x132 /home/fang/wsFreedomStudio/qemu-sifive-e31-hello/bsp/install/lib/debug//libmetal.a(libriscv__mmachine__qemu-sifive-e31_a-sifive_fe310-g000_pll.o)
 .text.__metal_driver_sifive_fe310_g000_pll_set_rate_hz
                0x000000002040467a      0x164 /home/fang/wsFreedomStudio/qemu-sifive-e31-hello/bsp/install/lib/debug//libmetal.a(libriscv__mmachine__qemu-sifive-e31_a-sifive_fe310-g000_pll.o)
                0x000000002040467a                __metal_driver_sifive_fe310_g000_pll_set_rate_hz
 .text.use_hfxosc
                0x00000000204047de       0x2a /home/fang/wsFreedomStudio/qemu-sifive-e31-hello/bsp/install/lib/debug//libmetal.a(libriscv__mmachine__qemu-sifive-e31_a-sifive_fe310-g000_pll.o)
 .text.__metal_driver_sifive_fe310_g000_prci_base
                0x0000000020404808       0x12 /home/fang/wsFreedomStudio/qemu-sifive-e31-hello/bsp/install/lib/debug//libmetal.a(libriscv__mmachine__qemu-sifive-e31_a-sifive_fe310-g000_prci.o)
 .text.__metal_driver_sifive_fe310_g000_prci_get_reg
                0x000000002040481a       0x2e /home/fang/wsFreedomStudio/qemu-sifive-e31-hello/bsp/install/lib/debug//libmetal.a(libriscv__mmachine__qemu-sifive-e31_a-sifive_fe310-g000_prci.o)
                0x000000002040481a                __metal_driver_sifive_fe310_g000_prci_get_reg
 .text.__metal_driver_sifive_fe310_g000_prci_set_reg
                0x0000000020404848       0x38 /home/fang/wsFreedomStudio/qemu-sifive-e31-hello/bsp/install/lib/debug//libmetal.a(libriscv__mmachine__qemu-sifive-e31_a-sifive_fe310-g000_prci.o)
                0x0000000020404848                __metal_driver_sifive_fe310_g000_prci_set_reg
 .text.__metal_driver_sifive_gpio0_base
                0x0000000020404880       0x26 /home/fang/wsFreedomStudio/qemu-sifive-e31-hello/bsp/install/lib/debug//libmetal.a(libriscv__mmachine__qemu-sifive-e31_a-sifive_gpio0.o)
 .text.__metal_driver_sifive_gpio0_interrupt_parent
                0x00000000204048a6       0x2a /home/fang/wsFreedomStudio/qemu-sifive-e31-hello/bsp/install/lib/debug//libmetal.a(libriscv__mmachine__qemu-sifive-e31_a-sifive_gpio0.o)
 .text.__metal_driver_sifive_gpio0_interrupt_lines
                0x00000000204048d0      0x1b4 /home/fang/wsFreedomStudio/qemu-sifive-e31-hello/bsp/install/lib/debug//libmetal.a(libriscv__mmachine__qemu-sifive-e31_a-sifive_gpio0.o)
 .text.__metal_driver_sifive_gpio0_enable_input
                0x0000000020404a84       0x40 /home/fang/wsFreedomStudio/qemu-sifive-e31-hello/bsp/install/lib/debug//libmetal.a(libriscv__mmachine__qemu-sifive-e31_a-sifive_gpio0.o)
                0x0000000020404a84                __metal_driver_sifive_gpio0_enable_input
 .text.__metal_driver_sifive_gpio0_disable_input
                0x0000000020404ac4       0x46 /home/fang/wsFreedomStudio/qemu-sifive-e31-hello/bsp/install/lib/debug//libmetal.a(libriscv__mmachine__qemu-sifive-e31_a-sifive_gpio0.o)
                0x0000000020404ac4                __metal_driver_sifive_gpio0_disable_input
 .text.__metal_driver_sifive_gpio0_input
                0x0000000020404b0a       0x2a /home/fang/wsFreedomStudio/qemu-sifive-e31-hello/bsp/install/lib/debug//libmetal.a(libriscv__mmachine__qemu-sifive-e31_a-sifive_gpio0.o)
                0x0000000020404b0a                __metal_driver_sifive_gpio0_input
 .text.__metal_driver_sifive_gpio0_output
                0x0000000020404b34       0x2c /home/fang/wsFreedomStudio/qemu-sifive-e31-hello/bsp/install/lib/debug//libmetal.a(libriscv__mmachine__qemu-sifive-e31_a-sifive_gpio0.o)
                0x0000000020404b34                __metal_driver_sifive_gpio0_output
 .text.__metal_driver_sifive_gpio0_disable_output
                0x0000000020404b60       0x46 /home/fang/wsFreedomStudio/qemu-sifive-e31-hello/bsp/install/lib/debug//libmetal.a(libriscv__mmachine__qemu-sifive-e31_a-sifive_gpio0.o)
                0x0000000020404b60                __metal_driver_sifive_gpio0_disable_output
 .text.__metal_driver_sifive_gpio0_enable_output
                0x0000000020404ba6       0x40 /home/fang/wsFreedomStudio/qemu-sifive-e31-hello/bsp/install/lib/debug//libmetal.a(libriscv__mmachine__qemu-sifive-e31_a-sifive_gpio0.o)
                0x0000000020404ba6                __metal_driver_sifive_gpio0_enable_output
 .text.__metal_driver_sifive_gpio0_output_set
                0x0000000020404be6       0x40 /home/fang/wsFreedomStudio/qemu-sifive-e31-hello/bsp/install/lib/debug//libmetal.a(libriscv__mmachine__qemu-sifive-e31_a-sifive_gpio0.o)
                0x0000000020404be6                __metal_driver_sifive_gpio0_output_set
 .text.__metal_driver_sifive_gpio0_output_clear
                0x0000000020404c26       0x46 /home/fang/wsFreedomStudio/qemu-sifive-e31-hello/bsp/install/lib/debug//libmetal.a(libriscv__mmachine__qemu-sifive-e31_a-sifive_gpio0.o)
                0x0000000020404c26                __metal_driver_sifive_gpio0_output_clear
 .text.__metal_driver_sifive_gpio0_output_toggle
                0x0000000020404c6c       0x40 /home/fang/wsFreedomStudio/qemu-sifive-e31-hello/bsp/install/lib/debug//libmetal.a(libriscv__mmachine__qemu-sifive-e31_a-sifive_gpio0.o)
                0x0000000020404c6c                __metal_driver_sifive_gpio0_output_toggle
 .text.__metal_driver_sifive_gpio0_enable_io
                0x0000000020404cac       0x68 /home/fang/wsFreedomStudio/qemu-sifive-e31-hello/bsp/install/lib/debug//libmetal.a(libriscv__mmachine__qemu-sifive-e31_a-sifive_gpio0.o)
                0x0000000020404cac                __metal_driver_sifive_gpio0_enable_io
 .text.__metal_driver_sifive_gpio0_disable_io
                0x0000000020404d14       0x4a /home/fang/wsFreedomStudio/qemu-sifive-e31-hello/bsp/install/lib/debug//libmetal.a(libriscv__mmachine__qemu-sifive-e31_a-sifive_gpio0.o)
                0x0000000020404d14                __metal_driver_sifive_gpio0_disable_io
 .text.__metal_driver_sifive_gpio0_config_int
                0x0000000020404d5e      0x206 /home/fang/wsFreedomStudio/qemu-sifive-e31-hello/bsp/install/lib/debug//libmetal.a(libriscv__mmachine__qemu-sifive-e31_a-sifive_gpio0.o)
                0x0000000020404d5e                __metal_driver_sifive_gpio0_config_int
 .text.__metal_driver_sifive_gpio0_clear_int
                0x0000000020404f64      0x188 /home/fang/wsFreedomStudio/qemu-sifive-e31-hello/bsp/install/lib/debug//libmetal.a(libriscv__mmachine__qemu-sifive-e31_a-sifive_gpio0.o)
                0x0000000020404f64                __metal_driver_sifive_gpio0_clear_int
 .text.__metal_driver_gpio_interrupt_controller
                0x00000000204050ec       0x20 /home/fang/wsFreedomStudio/qemu-sifive-e31-hello/bsp/install/lib/debug//libmetal.a(libriscv__mmachine__qemu-sifive-e31_a-sifive_gpio0.o)
                0x00000000204050ec                __metal_driver_gpio_interrupt_controller
 .text.__metal_driver_gpio_get_interrupt_id
                0x000000002040510c       0x2e /home/fang/wsFreedomStudio/qemu-sifive-e31-hello/bsp/install/lib/debug//libmetal.a(libriscv__mmachine__qemu-sifive-e31_a-sifive_gpio0.o)
                0x000000002040510c                __metal_driver_gpio_get_interrupt_id
 .text.__metal_driver_sifive_test0_base
                0x000000002040513a       0x26 /home/fang/wsFreedomStudio/qemu-sifive-e31-hello/bsp/install/lib/debug//libmetal.a(libriscv__mmachine__qemu-sifive-e31_a-sifive_test0.o)
 .text.__metal_driver_sifive_test0_exit
                0x0000000020405160       0x4a /home/fang/wsFreedomStudio/qemu-sifive-e31-hello/bsp/install/lib/debug//libmetal.a(libriscv__mmachine__qemu-sifive-e31_a-sifive_test0.o)
                0x0000000020405160                __metal_driver_sifive_test0_exit
 .text.__metal_driver_sifive_uart0_control_base
                0x00000000204051aa       0x2a /home/fang/wsFreedomStudio/qemu-sifive-e31-hello/bsp/install/lib/debug//libmetal.a(libriscv__mmachine__qemu-sifive-e31_a-sifive_uart0.o)
 .text.__metal_driver_sifive_uart0_interrupt_parent
                0x00000000204051d4       0x2e /home/fang/wsFreedomStudio/qemu-sifive-e31-hello/bsp/install/lib/debug//libmetal.a(libriscv__mmachine__qemu-sifive-e31_a-sifive_uart0.o)
 .text.__metal_driver_sifive_uart0_interrupt_line
                0x0000000020405202       0x28 /home/fang/wsFreedomStudio/qemu-sifive-e31-hello/bsp/install/lib/debug//libmetal.a(libriscv__mmachine__qemu-sifive-e31_a-sifive_uart0.o)
 .text.__metal_driver_sifive_uart0_clock
                0x000000002040522a       0x2e /home/fang/wsFreedomStudio/qemu-sifive-e31-hello/bsp/install/lib/debug//libmetal.a(libriscv__mmachine__qemu-sifive-e31_a-sifive_uart0.o)
 .text.__metal_driver_sifive_uart0_pinmux
                0x0000000020405258       0x2a /home/fang/wsFreedomStudio/qemu-sifive-e31-hello/bsp/install/lib/debug//libmetal.a(libriscv__mmachine__qemu-sifive-e31_a-sifive_uart0.o)
 .text.__metal_driver_sifive_uart0_pinmux_output_selector
                0x0000000020405282       0x2a /home/fang/wsFreedomStudio/qemu-sifive-e31-hello/bsp/install/lib/debug//libmetal.a(libriscv__mmachine__qemu-sifive-e31_a-sifive_uart0.o)
 .text.__metal_driver_sifive_uart0_pinmux_source_selector
                0x00000000204052ac       0x2a /home/fang/wsFreedomStudio/qemu-sifive-e31-hello/bsp/install/lib/debug//libmetal.a(libriscv__mmachine__qemu-sifive-e31_a-sifive_uart0.o)
 .text.__metal_driver_sifive_uart0_interrupt_controller
                0x00000000204052d6       0x1e /home/fang/wsFreedomStudio/qemu-sifive-e31-hello/bsp/install/lib/debug//libmetal.a(libriscv__mmachine__qemu-sifive-e31_a-sifive_uart0.o)
                0x00000000204052d6                __metal_driver_sifive_uart0_interrupt_controller
 .text.__metal_driver_sifive_uart0_get_interrupt_id
                0x00000000204052f4       0x22 /home/fang/wsFreedomStudio/qemu-sifive-e31-hello/bsp/install/lib/debug//libmetal.a(libriscv__mmachine__qemu-sifive-e31_a-sifive_uart0.o)
                0x00000000204052f4                __metal_driver_sifive_uart0_get_interrupt_id
 .text.__metal_driver_sifive_uart0_txready
                0x0000000020405316       0x32 /home/fang/wsFreedomStudio/qemu-sifive-e31-hello/bsp/install/lib/debug//libmetal.a(libriscv__mmachine__qemu-sifive-e31_a-sifive_uart0.o)
                0x0000000020405316                __metal_driver_sifive_uart0_txready
 .text.__metal_driver_sifive_uart0_putc
                0x0000000020405348       0x40 /home/fang/wsFreedomStudio/qemu-sifive-e31-hello/bsp/install/lib/debug//libmetal.a(libriscv__mmachine__qemu-sifive-e31_a-sifive_uart0.o)
                0x0000000020405348                __metal_driver_sifive_uart0_putc
 .text.__metal_driver_sifive_uart0_getc
                0x0000000020405388       0x56 /home/fang/wsFreedomStudio/qemu-sifive-e31-hello/bsp/install/lib/debug//libmetal.a(libriscv__mmachine__qemu-sifive-e31_a-sifive_uart0.o)
                0x0000000020405388                __metal_driver_sifive_uart0_getc
 .text.__metal_driver_sifive_uart0_get_baud_rate
                0x00000000204053de       0x20 /home/fang/wsFreedomStudio/qemu-sifive-e31-hello/bsp/install/lib/debug//libmetal.a(libriscv__mmachine__qemu-sifive-e31_a-sifive_uart0.o)
                0x00000000204053de                __metal_driver_sifive_uart0_get_baud_rate
 .text.__metal_driver_sifive_uart0_set_baud_rate
                0x00000000204053fe       0xa0 /home/fang/wsFreedomStudio/qemu-sifive-e31-hello/bsp/install/lib/debug//libmetal.a(libriscv__mmachine__qemu-sifive-e31_a-sifive_uart0.o)
                0x00000000204053fe                __metal_driver_sifive_uart0_set_baud_rate
 .text.pre_rate_change_callback_func
                0x000000002040549e       0xd8 /home/fang/wsFreedomStudio/qemu-sifive-e31-hello/bsp/install/lib/debug//libmetal.a(libriscv__mmachine__qemu-sifive-e31_a-sifive_uart0.o)
 .text.post_rate_change_callback_func
                0x0000000020405576       0x30 /home/fang/wsFreedomStudio/qemu-sifive-e31-hello/bsp/install/lib/debug//libmetal.a(libriscv__mmachine__qemu-sifive-e31_a-sifive_uart0.o)
 .text.__metal_driver_sifive_uart0_init
                0x00000000204055a6       0xd2 /home/fang/wsFreedomStudio/qemu-sifive-e31-hello/bsp/install/lib/debug//libmetal.a(libriscv__mmachine__qemu-sifive-e31_a-sifive_uart0.o)
                0x00000000204055a6                __metal_driver_sifive_uart0_init
 .text._metal_clock_call_all_callbacks
                0x0000000020405678       0x40 /home/fang/wsFreedomStudio/qemu-sifive-e31-hello/bsp/install/lib/debug//libmetal.a(libriscv__mmachine__qemu-sifive-e31_a-clock.o)
                0x0000000020405678                _metal_clock_call_all_callbacks
 .text._metal_clock_append_to_callbacks
                0x00000000204056b8       0x54 /home/fang/wsFreedomStudio/qemu-sifive-e31-hello/bsp/install/lib/debug//libmetal.a(libriscv__mmachine__qemu-sifive-e31_a-clock.o)
                0x00000000204056b8                _metal_clock_append_to_callbacks
 .text.metal_clock_get_rate_hz
                0x000000002040570c       0x26 /home/fang/wsFreedomStudio/qemu-sifive-e31-hello/bsp/install/lib/debug//libmetal.a(libriscv__mmachine__qemu-sifive-e31_a-clock.o)
                0x000000002040570c                metal_clock_get_rate_hz
 .text.metal_clock_set_rate_hz
                0x0000000020405732       0x48 /home/fang/wsFreedomStudio/qemu-sifive-e31-hello/bsp/install/lib/debug//libmetal.a(libriscv__mmachine__qemu-sifive-e31_a-clock.o)
                0x0000000020405732                metal_clock_set_rate_hz
 .text.metal_clock_register_pre_rate_change_callback
                0x000000002040577a       0x30 /home/fang/wsFreedomStudio/qemu-sifive-e31-hello/bsp/install/lib/debug//libmetal.a(libriscv__mmachine__qemu-sifive-e31_a-clock.o)
                0x000000002040577a                metal_clock_register_pre_rate_change_callback
 .text.metal_clock_register_post_rate_change_callback
                0x00000000204057aa       0x30 /home/fang/wsFreedomStudio/qemu-sifive-e31-hello/bsp/install/lib/debug//libmetal.a(libriscv__mmachine__qemu-sifive-e31_a-clock.o)
                0x00000000204057aa                metal_clock_register_post_rate_change_callback
 .text.metal_cpu_interrupt_controller
                0x00000000204057da       0x26 /home/fang/wsFreedomStudio/qemu-sifive-e31-hello/bsp/install/lib/debug//libmetal.a(libriscv__mmachine__qemu-sifive-e31_a-cpu.o)
                0x00000000204057da                metal_cpu_interrupt_controller
 .text.metal_cpu_get
                0x0000000020405800       0x2a /home/fang/wsFreedomStudio/qemu-sifive-e31-hello/bsp/install/lib/debug//libmetal.a(libriscv__mmachine__qemu-sifive-e31_a-cpu.o)
                0x0000000020405800                metal_cpu_get
 .text.metal_cpu_get_current_hartid
                0x000000002040582a       0x1a /home/fang/wsFreedomStudio/qemu-sifive-e31-hello/bsp/install/lib/debug//libmetal.a(libriscv__mmachine__qemu-sifive-e31_a-cpu.o)
                0x000000002040582a                metal_cpu_get_current_hartid
 .text.__metal_shutdown_exit
                0x0000000020405844       0x22 /home/fang/wsFreedomStudio/qemu-sifive-e31-hello/bsp/install/lib/debug//libmetal.a(libriscv__mmachine__qemu-sifive-e31_a-shutdown.o)
                0x0000000020405844                __metal_shutdown_exit
 .text.metal_shutdown
                0x0000000020405866       0x16 /home/fang/wsFreedomStudio/qemu-sifive-e31-hello/bsp/install/lib/debug//libmetal.a(libriscv__mmachine__qemu-sifive-e31_a-shutdown.o)
                0x0000000020405866                metal_shutdown
 *fill*         0x000000002040587c        0x4 
 .text          0x0000000020405880       0x80 /home/fang/wsFreedomStudio/qemu-sifive-e31-hello/bsp/install/lib/debug//libmetal.a(libriscv__mmachine__qemu-sifive-e31_a-vector.o)
                0x0000000020405880                __metal_vector_table
 .text.__metal_driver_fixed_clock_rate
                0x0000000020405900       0x62 /home/fang/wsFreedomStudio/qemu-sifive-e31-hello/bsp/install/lib/debug//libmetal.a(libriscv__mmachine__qemu-sifive-e31_a-fixed-clock.o)
 .text.__metal_driver_fixed_clock_get_rate_hz
                0x0000000020405962       0x1e /home/fang/wsFreedomStudio/qemu-sifive-e31-hello/bsp/install/lib/debug//libmetal.a(libriscv__mmachine__qemu-sifive-e31_a-fixed-clock.o)
                0x0000000020405962                __metal_driver_fixed_clock_get_rate_hz
 .text.__metal_driver_fixed_clock_set_rate_hz
                0x0000000020405980       0x22 /home/fang/wsFreedomStudio/qemu-sifive-e31-hello/bsp/install/lib/debug//libmetal.a(libriscv__mmachine__qemu-sifive-e31_a-fixed-clock.o)
                0x0000000020405980                __metal_driver_fixed_clock_set_rate_hz
 .text._exit    0x00000000204059a2       0x14 /home/fang/wsFreedomStudio/qemu-sifive-e31-hello/bsp/install/lib/debug//libmetal-gloss.a(sys_exit.o)
                0x00000000204059a2                _exit
 *(.gnu.linkonce.t.*)
                [!provide]                        PROVIDE (__etext = .)
                [!provide]                        PROVIDE (_etext = .)
                [!provide]                        PROVIDE (etext = .)

.rodata         0x00000000204059b8      0xca0
 *(.rdata)
 *(.rodata .rodata.*)
 .rodata        0x00000000204059b8       0x21 /tmp/ccKyGske.o
 *fill*         0x00000000204059d9        0x3 
 .rodata.__sf_fake_stderr
                0x00000000204059dc       0x20 /home/fang/Programs/FreedomStudio/SiFive/riscv64-unknown-elf-gcc-8.3.0-2019.08.0/bin/../lib/gcc/riscv64-unknown-elf/8.3.0/../../../../riscv64-unknown-elf/lib/rv32imac/ilp32/libc_nano.a(lib_a-findfp.o)
                0x00000000204059dc                __sf_fake_stderr
 .rodata.__sf_fake_stdin
                0x00000000204059fc       0x20 /home/fang/Programs/FreedomStudio/SiFive/riscv64-unknown-elf-gcc-8.3.0-2019.08.0/bin/../lib/gcc/riscv64-unknown-elf/8.3.0/../../../../riscv64-unknown-elf/lib/rv32imac/ilp32/libc_nano.a(lib_a-findfp.o)
                0x00000000204059fc                __sf_fake_stdin
 .rodata.__sf_fake_stdout
                0x0000000020405a1c       0x20 /home/fang/Programs/FreedomStudio/SiFive/riscv64-unknown-elf-gcc-8.3.0-2019.08.0/bin/../lib/gcc/riscv64-unknown-elf/8.3.0/../../../../riscv64-unknown-elf/lib/rv32imac/ilp32/libc_nano.a(lib_a-findfp.o)
                0x0000000020405a1c                __sf_fake_stdout
 .rodata._vfprintf_r.str1.4
                0x0000000020405a3c       0x13 /home/fang/Programs/FreedomStudio/SiFive/riscv64-unknown-elf-gcc-8.3.0-2019.08.0/bin/../lib/gcc/riscv64-unknown-elf/8.3.0/../../../../riscv64-unknown-elf/lib/rv32imac/ilp32/libc_nano.a(lib_a-nano-vfprintf.o)
 *fill*         0x0000000020405a4f        0x1 
 .rodata._printf_i.str1.4
                0x0000000020405a50       0x28 /home/fang/Programs/FreedomStudio/SiFive/riscv64-unknown-elf-gcc-8.3.0-2019.08.0/bin/../lib/gcc/riscv64-unknown-elf/8.3.0/../../../../riscv64-unknown-elf/lib/rv32imac/ilp32/libc_nano.a(lib_a-nano-vfprintf_i.o)
                                         0x25 (size before relaxing)
 .rodata.libgloss.start
                0x0000000020405a78       0x11 /home/fang/wsFreedomStudio/qemu-sifive-e31-hello/bsp/install/lib/debug//libmetal-gloss.a(crt0.o)
 *fill*         0x0000000020405a89        0x3 
 .rodata.__metal_driver_vtable_riscv_clint0
                0x0000000020405a8c       0x4c /home/fang/wsFreedomStudio/qemu-sifive-e31-hello/bsp/install/lib/debug//libmetal.a(libriscv__mmachine__qemu-sifive-e31_a-riscv_clint0.o)
                0x0000000020405a8c                __metal_driver_vtable_riscv_clint0
 .rodata.__metal_controller_interrupt_vector
                0x0000000020405ad8       0x14 /home/fang/wsFreedomStudio/qemu-sifive-e31-hello/bsp/install/lib/debug//libmetal.a(libriscv__mmachine__qemu-sifive-e31_a-riscv_cpu.o)
 .rodata.__metal_valid_interrupt_id
                0x0000000020405aec       0x74 /home/fang/wsFreedomStudio/qemu-sifive-e31-hello/bsp/install/lib/debug//libmetal.a(libriscv__mmachine__qemu-sifive-e31_a-riscv_cpu.o)
 .rodata.__metal_local_interrupt_enable
                0x0000000020405b60       0x80 /home/fang/wsFreedomStudio/qemu-sifive-e31-hello/bsp/install/lib/debug//libmetal.a(libriscv__mmachine__qemu-sifive-e31_a-riscv_cpu.o)
 .rodata.__metal_driver_riscv_cpu_controller_interrupt_register
                0x0000000020405be0       0x74 /home/fang/wsFreedomStudio/qemu-sifive-e31-hello/bsp/install/lib/debug//libmetal.a(libriscv__mmachine__qemu-sifive-e31_a-riscv_cpu.o)
 .rodata.__metal_driver_vtable_riscv_cpu_intc
                0x0000000020405c54       0x4c /home/fang/wsFreedomStudio/qemu-sifive-e31-hello/bsp/install/lib/debug//libmetal.a(libriscv__mmachine__qemu-sifive-e31_a-riscv_cpu.o)
                0x0000000020405c54                __metal_driver_vtable_riscv_cpu_intc
 .rodata.__metal_driver_vtable_cpu
                0x0000000020405ca0       0x40 /home/fang/wsFreedomStudio/qemu-sifive-e31-hello/bsp/install/lib/debug//libmetal.a(libriscv__mmachine__qemu-sifive-e31_a-riscv_cpu.o)
                0x0000000020405ca0                __metal_driver_vtable_cpu
 .rodata.__metal_driver_vtable_riscv_plic0
                0x0000000020405ce0       0x4c /home/fang/wsFreedomStudio/qemu-sifive-e31-hello/bsp/install/lib/debug//libmetal.a(libriscv__mmachine__qemu-sifive-e31_a-riscv_plic0.o)
                0x0000000020405ce0                __metal_driver_vtable_riscv_plic0
 .rodata.pll_configs
                0x0000000020405d2c      0x880 /home/fang/wsFreedomStudio/qemu-sifive-e31-hello/bsp/install/lib/debug//libmetal.a(libriscv__mmachine__qemu-sifive-e31_a-sifive_fe310-g000_pll.o)
 .rodata.__metal_driver_vtable_sifive_fe310_g000_pll
                0x00000000204065ac        0xc /home/fang/wsFreedomStudio/qemu-sifive-e31-hello/bsp/install/lib/debug//libmetal.a(libriscv__mmachine__qemu-sifive-e31_a-sifive_fe310-g000_pll.o)
                0x00000000204065ac                __metal_driver_vtable_sifive_fe310_g000_pll
 .rodata.__metal_driver_sifive_gpio0_config_int
                0x00000000204065b8       0x20 /home/fang/wsFreedomStudio/qemu-sifive-e31-hello/bsp/install/lib/debug//libmetal.a(libriscv__mmachine__qemu-sifive-e31_a-sifive_gpio0.o)
 .rodata.__metal_driver_sifive_gpio0_clear_int
                0x00000000204065d8       0x20 /home/fang/wsFreedomStudio/qemu-sifive-e31-hello/bsp/install/lib/debug//libmetal.a(libriscv__mmachine__qemu-sifive-e31_a-sifive_gpio0.o)
 .rodata.__metal_driver_vtable_sifive_gpio0
                0x00000000204065f8       0x3c /home/fang/wsFreedomStudio/qemu-sifive-e31-hello/bsp/install/lib/debug//libmetal.a(libriscv__mmachine__qemu-sifive-e31_a-sifive_gpio0.o)
                0x00000000204065f8                __metal_driver_vtable_sifive_gpio0
 .rodata.__metal_driver_vtable_sifive_uart0
                0x0000000020406634       0x20 /home/fang/wsFreedomStudio/qemu-sifive-e31-hello/bsp/install/lib/debug//libmetal.a(libriscv__mmachine__qemu-sifive-e31_a-sifive_uart0.o)
                0x0000000020406634                __metal_driver_vtable_sifive_uart0
 *(.gnu.linkonce.r.*)
                0x0000000020406658                . = ALIGN (0x8)
 *fill*         0x0000000020406654        0x4 
 *(.srodata.cst16)
 *(.srodata.cst8)
 *(.srodata.cst4)
 *(.srodata.cst2)
 *(.srodata .srodata.*)

.rela.dyn       0x0000000020406658        0x0
 .rela.text._vfprintf_r
                0x0000000020406658        0x0 /tmp/ccKyGske.o
 .rela.text._sbrk_r
                0x0000000020406658        0x0 /tmp/ccKyGske.o
 .rela.text._write_r
                0x0000000020406658        0x0 /tmp/ccKyGske.o
 .rela.text._close_r
                0x0000000020406658        0x0 /tmp/ccKyGske.o
 .rela.text._fstat_r
                0x0000000020406658        0x0 /tmp/ccKyGske.o
 .rela.text._isatty_r
                0x0000000020406658        0x0 /tmp/ccKyGske.o
 .rela.text._lseek_r
                0x0000000020406658        0x0 /tmp/ccKyGske.o
 .rela.text._read_r
                0x0000000020406658        0x0 /tmp/ccKyGske.o
 .rela.text.metal.init.enter
                0x0000000020406658        0x0 /tmp/ccKyGske.o
 .rela.text.libgloss.start
                0x0000000020406658        0x0 /tmp/ccKyGske.o
 .rela.sdata.brk
                0x0000000020406658        0x0 /tmp/ccKyGske.o
 .rela.text._sbrk
                0x0000000020406658        0x0 /tmp/ccKyGske.o
 .rela.text.__libc_fini_array
                0x0000000020406658        0x0 /tmp/ccKyGske.o
 .rela.text.__libc_init_array
                0x0000000020406658        0x0 /tmp/ccKyGske.o
 .rela.text.__register_exitproc
                0x0000000020406658        0x0 /tmp/ccKyGske.o
 .rela.text.__metal_driver_cpu_get
                0x0000000020406658        0x0 /tmp/ccKyGske.o
 .rela.text.metal_software_interrupt_vector_handler
                0x0000000020406658        0x0 /tmp/ccKyGske.o
 .rela.text.__metal_default_sw_handler
                0x0000000020406658        0x0 /tmp/ccKyGske.o
 .rela.text.metal_timer_interrupt_vector_handler
                0x0000000020406658        0x0 /tmp/ccKyGske.o
 .rela.text.__metal_exception_handler
                0x0000000020406658        0x0 /tmp/ccKyGske.o
 .rela.text.metal_lc0_interrupt_vector_handler
                0x0000000020406658        0x0 /tmp/ccKyGske.o
 .rela.text.metal_lc1_interrupt_vector_handler
                0x0000000020406658        0x0 /tmp/ccKyGske.o
 .rela.text.metal_lc2_interrupt_vector_handler
                0x0000000020406658        0x0 /tmp/ccKyGske.o
 .rela.text.metal_lc3_interrupt_vector_handler
                0x0000000020406658        0x0 /tmp/ccKyGske.o
 .rela.text.metal_lc4_interrupt_vector_handler
                0x0000000020406658        0x0 /tmp/ccKyGske.o
 .rela.text.metal_lc5_interrupt_vector_handler
                0x0000000020406658        0x0 /tmp/ccKyGske.o
 .rela.text.metal_lc6_interrupt_vector_handler
                0x0000000020406658        0x0 /tmp/ccKyGske.o
 .rela.text.metal_lc7_interrupt_vector_handler
                0x0000000020406658        0x0 /tmp/ccKyGske.o
 .rela.text.metal_lc8_interrupt_vector_handler
                0x0000000020406658        0x0 /tmp/ccKyGske.o
 .rela.text.metal_lc9_interrupt_vector_handler
                0x0000000020406658        0x0 /tmp/ccKyGske.o
 .rela.text.metal_lc10_interrupt_vector_handler
                0x0000000020406658        0x0 /tmp/ccKyGske.o
 .rela.text.metal_lc11_interrupt_vector_handler
                0x0000000020406658        0x0 /tmp/ccKyGske.o
 .rela.text.metal_lc12_interrupt_vector_handler
                0x0000000020406658        0x0 /tmp/ccKyGske.o
 .rela.text.metal_lc13_interrupt_vector_handler
                0x0000000020406658        0x0 /tmp/ccKyGske.o
 .rela.text.metal_lc14_interrupt_vector_handler
                0x0000000020406658        0x0 /tmp/ccKyGske.o
 .rela.text.metal_lc15_interrupt_vector_handler
                0x0000000020406658        0x0 /tmp/ccKyGske.o
 .rela.text.metal_cpu_get
                0x0000000020406658        0x0 /tmp/ccKyGske.o
 .rela.text     0x0000000020406658        0x0 /tmp/ccKyGske.o
                0x0000000020406658                . = ALIGN (0x8)

.preinit_array  0x0000000020406658        0x0
                0x0000000020406658                PROVIDE (__preinit_array_start = .)
 *(.preinit_array)
                0x0000000020406658                PROVIDE (__preinit_array_end = .)

.init_array     0x0000000020406658        0xc
                0x0000000020406658                PROVIDE (__init_array_start = .)
 *(SORT_BY_INIT_PRIORITY(.init_array.*) SORT_BY_INIT_PRIORITY(.ctors.*))
 *(.init_array EXCLUDE_FILE(*crtend?.o *crtend.o *crtbegin?.o *crtbegin.o) .ctors)
 .init_array    0x0000000020406658        0x4 /home/fang/wsFreedomStudio/qemu-sifive-e31-hello/bsp/install/lib/debug//libmetal.a(libriscv__mmachine__qemu-sifive-e31_a-tty.o)
 .init_array    0x000000002040665c        0x8 /home/fang/wsFreedomStudio/qemu-sifive-e31-hello/bsp/install/lib/debug//libmetal.a(libriscv__mmachine__qemu-sifive-e31_a-sifive_fe310-g000_pll.o)
                0x0000000020406664                PROVIDE (__init_array_end = .)

.fini_array     0x0000000020406664        0x0
                0x0000000020406664                PROVIDE (__fini_array_start = .)
 *(SORT_BY_INIT_PRIORITY(.fini_array.*) SORT_BY_INIT_PRIORITY(.dtors.*))
 *(.fini_array EXCLUDE_FILE(*crtend?.o *crtend.o *crtbegin?.o *crtbegin.o) .dtors)
                0x0000000020406664                PROVIDE (__fini_array_end = .)

.ctors
 *crtbegin.o(.ctors)
 *crtbegin?.o(.ctors)
 *(EXCLUDE_FILE(*crtend?.o *crtend.o) .ctors)
 *(SORT_BY_NAME(.ctors.*))
 *(.ctors)

.dtors
 *crtbegin.o(.dtors)
 *crtbegin?.o(.dtors)
 *(EXCLUDE_FILE(*crtend?.o *crtend.o) .dtors)
 *(SORT_BY_NAME(.dtors.*))
 *(.dtors)

.itim           0x0000000080000000        0x0 load address 0x0000000020406668
 *(.itim .itim.*)
                0x0000000020406668                PROVIDE (metal_segment_itim_source_start = LOADADDR (.itim))
                0x0000000080000000                PROVIDE (metal_segment_itim_target_start = ADDR (.itim))
                0x0000000080000000                PROVIDE (metal_segment_itim_target_end = (ADDR (.itim) + SIZEOF (.itim)))

.data           0x0000000080000000      0x7d8 load address 0x0000000020406668
 *(.data .data.*)
 .data.impure_data
                0x0000000080000000       0x60 /home/fang/Programs/FreedomStudio/SiFive/riscv64-unknown-elf-gcc-8.3.0-2019.08.0/bin/../lib/gcc/riscv64-unknown-elf/8.3.0/../../../../riscv64-unknown-elf/lib/rv32imac/ilp32/libc_nano.a(lib_a-impure.o)
 .data.__metal_dt_clock_0
                0x0000000080000060        0xc /home/fang/wsFreedomStudio/qemu-sifive-e31-hello/bsp/install/lib/debug//libmetal.a(libriscv__mmachine__qemu-sifive-e31_a-inline.o)
                0x0000000080000060                __metal_dt_clock_0
 .data.__metal_dt_clock_2
                0x000000008000006c        0xc /home/fang/wsFreedomStudio/qemu-sifive-e31-hello/bsp/install/lib/debug//libmetal.a(libriscv__mmachine__qemu-sifive-e31_a-inline.o)
                0x000000008000006c                __metal_dt_clock_2
 .data.__metal_dt_clock_5
                0x0000000080000078        0xc /home/fang/wsFreedomStudio/qemu-sifive-e31-hello/bsp/install/lib/debug//libmetal.a(libriscv__mmachine__qemu-sifive-e31_a-inline.o)
                0x0000000080000078                __metal_dt_clock_5
 *fill*         0x0000000080000084        0x4 
 .data.__metal_dt_cpu_0_interrupt_controller
                0x0000000080000088      0x3b8 /home/fang/wsFreedomStudio/qemu-sifive-e31-hello/bsp/install/lib/debug//libmetal.a(libriscv__mmachine__qemu-sifive-e31_a-inline.o)
                0x0000000080000088                __metal_dt_cpu_0_interrupt_controller
 .data.__metal_dt_interrupt_controller_c000000
                0x0000000080000440      0x300 /home/fang/wsFreedomStudio/qemu-sifive-e31-hello/bsp/install/lib/debug//libmetal.a(libriscv__mmachine__qemu-sifive-e31_a-inline.o)
                0x0000000080000440                __metal_dt_interrupt_controller_c000000
 .data.__metal_dt_serial_10013000
                0x0000000080000740       0x20 /home/fang/wsFreedomStudio/qemu-sifive-e31-hello/bsp/install/lib/debug//libmetal.a(libriscv__mmachine__qemu-sifive-e31_a-inline.o)
                0x0000000080000740                __metal_dt_serial_10013000
 .data.__metal_dt_clock_3
                0x0000000080000760        0xc /home/fang/wsFreedomStudio/qemu-sifive-e31-hello/bsp/install/lib/debug//libmetal.a(libriscv__mmachine__qemu-sifive-e31_a-inline.o)
                0x0000000080000760                __metal_dt_clock_3
 .data.__metal_dt_clock_1
                0x000000008000076c        0xc /home/fang/wsFreedomStudio/qemu-sifive-e31-hello/bsp/install/lib/debug//libmetal.a(libriscv__mmachine__qemu-sifive-e31_a-inline.o)
                0x000000008000076c                __metal_dt_clock_1
 .data.__metal_dt_clock_4
                0x0000000080000778        0xc /home/fang/wsFreedomStudio/qemu-sifive-e31-hello/bsp/install/lib/debug//libmetal.a(libriscv__mmachine__qemu-sifive-e31_a-inline.o)
                0x0000000080000778                __metal_dt_clock_4
 *(.gnu.linkonce.d.*)
                0x0000000080000788                . = ALIGN (0x8)
 *fill*         0x0000000080000784        0x4 
                0x0000000080000f88                PROVIDE (__global_pointer$ = (. + 0x800))
 *(.sdata .sdata.* .sdata2.*)
 .sdata._impure_ptr
                0x0000000080000788        0x4 /home/fang/Programs/FreedomStudio/SiFive/riscv64-unknown-elf-gcc-8.3.0-2019.08.0/bin/../lib/gcc/riscv64-unknown-elf/8.3.0/../../../../riscv64-unknown-elf/lib/rv32imac/ilp32/libc_nano.a(lib_a-impure.o)
                0x0000000080000788                _impure_ptr
 .sdata2._global_impure_ptr
                0x000000008000078c        0x4 /home/fang/Programs/FreedomStudio/SiFive/riscv64-unknown-elf-gcc-8.3.0-2019.08.0/bin/../lib/gcc/riscv64-unknown-elf/8.3.0/../../../../riscv64-unknown-elf/lib/rv32imac/ilp32/libc_nano.a(lib_a-impure.o)
                0x000000008000078c                _global_impure_ptr
 .sdata.brk     0x0000000080000790        0x4 /home/fang/wsFreedomStudio/qemu-sifive-e31-hello/bsp/install/lib/debug//libmetal-gloss.a(sys_sbrk.o)
 .sdata.__metal_cpu_table
                0x0000000080000794        0x4 /home/fang/wsFreedomStudio/qemu-sifive-e31-hello/bsp/install/lib/debug//libmetal.a(libriscv__mmachine__qemu-sifive-e31_a-synchronize_harts.o)
                0x0000000080000794                __metal_cpu_table
 .sdata.__metal_dt_clint_2000000
                0x0000000080000798        0x8 /home/fang/wsFreedomStudio/qemu-sifive-e31-hello/bsp/install/lib/debug//libmetal.a(libriscv__mmachine__qemu-sifive-e31_a-inline.o)
                0x0000000080000798                __metal_dt_clint_2000000
 .sdata.__metal_dt_cpu_0
                0x00000000800007a0        0x4 /home/fang/wsFreedomStudio/qemu-sifive-e31-hello/bsp/install/lib/debug//libmetal.a(libriscv__mmachine__qemu-sifive-e31_a-inline.o)
                0x00000000800007a0                __metal_dt_cpu_0
 .sdata.__metal_dt_gpio_10012000
                0x00000000800007a4        0x4 /home/fang/wsFreedomStudio/qemu-sifive-e31-hello/bsp/install/lib/debug//libmetal.a(libriscv__mmachine__qemu-sifive-e31_a-inline.o)
                0x00000000800007a4                __metal_dt_gpio_10012000
 .sdata.__metal_dt_test_100000
                0x00000000800007a8        0x4 /home/fang/wsFreedomStudio/qemu-sifive-e31-hello/bsp/install/lib/debug//libmetal.a(libriscv__mmachine__qemu-sifive-e31_a-inline.o)
                0x00000000800007a8                __metal_dt_test_100000
 .sdata.__metal_dt_prci_10008000
                0x00000000800007ac        0x4 /home/fang/wsFreedomStudio/qemu-sifive-e31-hello/bsp/install/lib/debug//libmetal.a(libriscv__mmachine__qemu-sifive-e31_a-inline.o)
                0x00000000800007ac                __metal_dt_prci_10008000
 .sdata2.__metal_driver_vtable_sifive_fe310_g000_hfrosc
                0x00000000800007b0        0x8 /home/fang/wsFreedomStudio/qemu-sifive-e31-hello/bsp/install/lib/debug//libmetal.a(libriscv__mmachine__qemu-sifive-e31_a-sifive_fe310-g000_hfrosc.o)
                0x00000000800007b0                __metal_driver_vtable_sifive_fe310_g000_hfrosc
 .sdata2.__metal_driver_vtable_sifive_fe310_g000_hfxosc
                0x00000000800007b8        0x8 /home/fang/wsFreedomStudio/qemu-sifive-e31-hello/bsp/install/lib/debug//libmetal.a(libriscv__mmachine__qemu-sifive-e31_a-sifive_fe310-g000_hfxosc.o)
                0x00000000800007b8                __metal_driver_vtable_sifive_fe310_g000_hfxosc
 .sdata2.__metal_driver_vtable_sifive_fe310_g000_prci
                0x00000000800007c0        0x8 /home/fang/wsFreedomStudio/qemu-sifive-e31-hello/bsp/install/lib/debug//libmetal.a(libriscv__mmachine__qemu-sifive-e31_a-sifive_fe310-g000_prci.o)
                0x00000000800007c0                __metal_driver_vtable_sifive_fe310_g000_prci
 .sdata2.__metal_driver_vtable_sifive_test0
                0x00000000800007c8        0x4 /home/fang/wsFreedomStudio/qemu-sifive-e31-hello/bsp/install/lib/debug//libmetal.a(libriscv__mmachine__qemu-sifive-e31_a-sifive_test0.o)
                0x00000000800007c8                __metal_driver_vtable_sifive_test0
 .sdata2.__metal_driver_vtable_fixed_clock
                0x00000000800007cc        0x8 /home/fang/wsFreedomStudio/qemu-sifive-e31-hello/bsp/install/lib/debug//libmetal.a(libriscv__mmachine__qemu-sifive-e31_a-fixed-clock.o)
                0x00000000800007cc                __metal_driver_vtable_fixed_clock
 *(.gnu.linkonce.s.*)
                0x00000000800007d8                . = ALIGN (0x8)
 *fill*         0x00000000800007d4        0x4 
 *(.srodata.cst16)
 *(.srodata.cst8)
 *(.srodata.cst4)
 *(.srodata.cst2)
 *(.srodata .srodata.*)
                0x00000000800007d8                . = ALIGN (0x8)
 *(.rdata)
 *(.rodata .rodata.*)
 *(.gnu.linkonce.r.*)